******************************************************************************
                  TI ARM Linker Unix v18.1.3                   
******************************************************************************
>> Linked Mon Aug 27 13:37:26 2018

OUTPUT FILE NAME:   <ble5_project_zero_cc13x2r1lp_app_FlashROM_Debug.out>
ENTRY POINT SYMBOL: "ResetISR"  address: 00020c49


MEMORY CONFIGURATION

         name            origin    length      used     unused   attr    fill
----------------------  --------  ---------  --------  --------  ----  --------
  FLASH_IMG_HDR         00000000   00000050  00000038  00000018  R  X
  ENTRY                 00000050   00000040  0000003c  00000004  R  X
  FLASH                 00000090   00056090  000342b8  00021dd8  R  X
  SRAM                  20000000   000134f8  0000be7b  0000767d  RW X


SEGMENT ALLOCATION MAP

run origin  load origin   length   init length attrs members
----------  ----------- ---------- ----------- ----- -------
00000000    00000000    00000038   00000038    r--
  00000000    00000000    00000038   00000038    r-- .image_header
00000050    00000050    000302f8   000302f8    r-x
  00000050    00000050    0000003c   0000003c    r-- .resetVecs
  00000090    00000090    0002c068   0002c068    r-x .text
  0002c0f8    0002c0f8    00003278   00003278    r-- .const
  0002f370    0002f370    000009f0   000009f0    r-- .rodata
  0002fd60    0002fd60    000005e8   000005e8    r-- .cinit
00048000    00048000    00004000   00000000    rw-
  00048000    00048000    00004000   00000000    rw- .TI.bound:flashBuf
20001830    20001830    00000010   00000000    rw-
  20001830    20001830    00000010   00000000    rw- .TI.bound:dmaSpi0RxControlTableEntry
20001840    20001840    00000010   00000000    rw-
  20001840    20001840    00000010   00000000    rw- .TI.bound:dmaSpi0TxControlTableEntry
20001900    20001900    00000010   00000000    rw-
  20001900    20001900    00000010   00000000    rw- .TI.bound:dmaSpi1RxControlTableEntry
20001910    20001910    00000010   00000000    rw-
  20001910    20001910    00000010   00000000    rw- .TI.bound:dmaSpi1TxControlTableEntry
20001980    20001980    00000eb2   00000000    rw-
  20001980    20001980    00000eb2   00000000    rw- .data
20002880    20002880    0000aa63   00000000    rw-
  20002880    20002880    0000aa63   00000000    rw- .bss
200130f8    200130f8    00000400   00000000    rw-
  200130f8    200130f8    00000400   00000000    rw- .stack


SECTION ALLOCATION MAP

 output                                  attributes/
section   page    origin      length       input sections
--------  ----  ----------  ----------   ----------------
.bootVecs 
*          0    00000000    00000008     DSECT
                  00000000    00000008     boot.aem4f : boot.oem4f (.bootVecs)

.resetVecs 
*          0    00000050    0000003c     
                  00000050    0000003c     ble_debug_pem4f.oem4f (.resetVecs)

.vecs      0    20000000    000000d8     NOLOAD SECTION
                  20000000    000000d8     ble_debug_pem4f.oem4f (.vecs)

xdc.meta   0    00000000    0000010e     COPY SECTION
                  00000000    0000010e     ble_debug_pem4f.oem4f (xdc.meta)

.image_header 
*          0    00000000    00000038     
                  00000000    00000038     oad_image_header_app.obj (.image_header:retain)

.resetVecs 
*          0    00000050    00000000     UNINITIALIZED

.intvecs   0    00000050    00000000     UNINITIALIZED

EntrySection 
*          0    00000050    00000000     UNINITIALIZED

.cinit     0    0002fd60    000005e8     
                  0002fd60    00000580     (.cinit..data.load) [load image, compression = lzss]
                  000302e0    0000000c     (__TI_handler_table)
                  000302ec    00000004     --HOLE-- [fill = 0]
                  000302f0    00000008     (.cinit..TI.bound:dmaSpi0RxControlTableEntry.load) [load image, compression = zero_init]
                  000302f8    00000008     (.cinit..TI.bound:dmaSpi0TxControlTableEntry.load) [load image, compression = zero_init]
                  00030300    00000008     (.cinit..TI.bound:dmaSpi1RxControlTableEntry.load) [load image, compression = zero_init]
                  00030308    00000008     (.cinit..TI.bound:dmaSpi1TxControlTableEntry.load) [load image, compression = zero_init]
                  00030310    00000008     (.cinit..bss.load) [load image, compression = zero_init]
                  00030318    00000030     (__TI_cinit_table)

.TI.bound:flashBuf 
*          0    00048000    00004000     UNINITIALIZED
                  00048000    00004000     CC1352R1_LAUNCHXL.obj (.TI.bound:flashBuf)

.TI.bound:dmaSpi0RxControlTableEntry 
*          0    20001830    00000010     UNINITIALIZED
                  20001830    00000010     drivers_cc13x2_v1.aem4f : SPICC26XXDMA.oem4f (.TI.bound:dmaSpi0RxControlTableEntry)

.TI.bound:dmaSpi0TxControlTableEntry 
*          0    20001840    00000010     UNINITIALIZED
                  20001840    00000010     drivers_cc13x2_v1.aem4f : SPICC26XXDMA.oem4f (.TI.bound:dmaSpi0TxControlTableEntry)

.TI.bound:dmaSpi1RxControlTableEntry 
*          0    20001900    00000010     UNINITIALIZED
                  20001900    00000010     drivers_cc13x2_v1.aem4f : SPICC26XXDMA.oem4f (.TI.bound:dmaSpi1RxControlTableEntry)

.TI.bound:dmaSpi1TxControlTableEntry 
*          0    20001910    00000010     UNINITIALIZED
                  20001910    00000010     drivers_cc13x2_v1.aem4f : SPICC26XXDMA.oem4f (.TI.bound:dmaSpi1TxControlTableEntry)

.data      0    20001980    00000eb2     UNINITIALIZED
                  20001980    00000130     devinfoservice.obj (.data:devInfoAttrTbl)
                  20001ab0    00000100     ble5_project_zero_cc13x2r1lp_stack_library.lib : gapbondmgr.obj (.data:$O1$$)
                  20001bb0    000000d0     oad.obj (.data:oadAttrTbl)
                  20001c80    000000c8     drivers_cc13x2_v1.aem4f : PowerCC26X2.oem4f (.data:PowerCC26X2_module)
                  20001d48    00000090     profiles_pxxx_coc.a : gapgattserver.o (.data)
                  20001dd8    0000007c     ble5_project_zero_cc13x2r1lp_stack_library.lib : osal_cbtimer.obj (.data:$O1$$)
                  20001e54    00000070     button_service.obj (.data:Button_ServiceAttrTbl)
                  20001ec4    00000068     ble_debug_pem4f.oem4f (.data:ti_uia_loggers_LoggerStopMode_Object__table__V)
                  20001f2c    00000060     data_service.obj (.data:Data_ServiceAttrTbl)
                  20001f8c    00000050     led_service.obj (.data:LED_ServiceAttrTbl)
                  20001fdc    0000004c     ll_pxxx.a : ll_config.o (.data)
                  20002028    0000004c     ble_debug_pem4f.oem4f (.data:ti_sysbios_knl_Task_Object__table__V)
                  20002074    00000004     ble5_project_zero_cc13x2r1lp_stack_library.lib : gap.obj (.data:$O1$$)
                  20002078    00000048     ble_debug_pem4f.oem4f (.data:ti_sysbios_family_arm_cc26xx_Timer_Object__table__V)
                  200020c0    00000044     ble_debug_pem4f.oem4f (.data:ti_sysbios_knl_Task_Module__state__V)
                  20002104    00000040     profiles_pxxx_coc.a : gattservapp.o (.data)
                  20002144    00000040     ble_user_config.obj (.data:rfRegTbl)
                  20002184    00000035     oad.obj (.data)
                  200021b9    00000003     oad.obj (.data:oadCharVals)
                  200021bc    00000034     ble_debug_pem4f.oem4f (.data:ti_sysbios_family_arm_m3_Hwi_Module__state__V)
                  200021f0    00000030     ble_debug_pem4f.oem4f (.data:ti_sysbios_knl_Swi_Module_State_0_readyQ__A)
                  20002220    00000030     ble_debug_pem4f.oem4f (.data:ti_sysbios_knl_Swi_Object__table__V)
                  20002250    00000030     ble_debug_pem4f.oem4f (.data:ti_sysbios_knl_Task_Module_State_0_readyQ__A)
                  20002280    0000002c     CC1352R1_LAUNCHXL.obj (.data:gpioPinConfigs)
                  200022ac    0000002c     ble_debug_pem4f.oem4f (.data:ti_sysbios_knl_Clock_Module__state__V)
                  200022d8    00000028     ble5_project_zero_cc13x2r1lp_stack_library.lib : osal.obj (.data:$O1$$)
                  20002300    00000028     data_service.obj (.data:ds_StringVal)
                  20002328    00000028     icall_user_config.obj (.data:nvintfFncStruct)
                  20002350    00000028     project_zero.obj (.data:received_string$9)
                  20002378    00000024     ble_debug_pem4f.oem4f (.data:ti_sysbios_BIOS_Module__state__V)
                  2000239c    00000020     ble_user_config.obj (.data:eccParams_NISTP256)
                  200023bc    00000020     project_zero.obj (.data:localNameStr$12)
                  200023dc    00000020     ble_debug_pem4f.oem4f (.data:ti_sysbios_heaps_HeapTrack_Object__table__V)
                  200023fc    00000020     ble_debug_pem4f.oem4f (.data:ti_sysbios_knl_Clock_Object__table__V)
                  2000241c    00000020     ble_debug_pem4f.oem4f (.data:xdc_runtime_Error_IgnoreBlock)
                  2000243c    0000001c     ble_debug_pem4f.oem4f (.data:ti_sysbios_gates_GateMutex_Object__table__V)
                  20002458    0000001c     ble_debug_pem4f.oem4f (.data:ti_sysbios_knl_Swi_Module__state__V)
                  20002474    00000018     ble_debug_pem4f.oem4f (.data:ti_sysbios_family_arm_m3_Hwi_Object__table__V)
                  2000248c    00000018     ble_debug_pem4f.oem4f (.data:ti_sysbios_heaps_HeapMem_Object__table__V)
                  200024a4    00000015     project_zero.obj (.data:attDeviceName)
                  200024b9    00000015     devinfoservice.obj (.data:devInfoFirmwareRev)
                  200024ce    00000015     devinfoservice.obj (.data:devInfoHardwareRev)
                  200024e3    00000015     devinfoservice.obj (.data:devInfoMfrName)
                  200024f8    00000015     devinfoservice.obj (.data:devInfoModelNumber)
                  2000250d    00000015     devinfoservice.obj (.data:devInfoSerialNumber)
                  20002522    00000015     devinfoservice.obj (.data:devInfoSoftwareRev)
                  20002537    00000014     data_service.obj (.data:ds_StreamVal)
                  2000254b    00000001     TRNGCC26XX.obj (.data)
                  2000254c    00000014     gap_pxxx_coc.a : gap_configmgr.o (.data)
                  20002560    00000014     icall.obj (.data)
                  20002574    00000012     project_zero.obj (.data:scanRspData)
                  20002586    00000010     project_zero.obj (.data:advertData)
                  20002596    00000002     drivers_cc13x2_v1.aem4f : CryptoResourceCC26XX.oem4f (.data)
                  20002598    00000010     icall_user_config.obj (.data:bleAppServiceInfoTable)
                  200025a8    00000010     gap_pxxx_coc.a : gap_configmgr.o (.data)
                  200025b8    00000010     CC1352R1_LAUNCHXL.obj (.data:gpioCallbackFunctions)
                  200025c8    00000010     icall_api_lite.obj (.data)
                  200025d8    00000010     ll_pxxx.a : ll.o (.data)
                  200025e8    00000010               : ll_data.o (.data)
                  200025f8    00000010     ble_user_config.obj (.data:rfRegTbl1M)
                  20002608    00000010     ble_user_config.obj (.data:rfRegTbl2M)
                  20002618    00000010     ble_user_config.obj (.data:rfRegTblCoded)
                  20002628    00000010     main.obj (.data:user0Cfg)
                  20002638    0000000e     devinfoservice.obj (.data:defaultDevInfo11073Cert)
                  20002646    00000002     drivers_cc13x2_v1.aem4f : PKAResourceCC26XX.oem4f (.data)
                  20002648    0000000e     devinfoservice.obj (.data)
                  20002656    00000002     gap_pxxx_coc.a : gap_linkmgr.o (.data)
                  20002658    0000000c     project_zero.obj (.data:buttonPinTable)
                  20002664    0000000c     button_service.obj (.data)
                  20002670    0000000c     data_service.obj (.data)
                  2000267c    0000000c     project_zero.obj (.data:ledPinTable)
                  20002688    0000000c     led_service.obj (.data)
                  20002694    0000000c     ll_pxxx.a : ll_common.o (.data)
                  200026a0    0000000c     ble_debug_pem4f.oem4f (.data:ti_sysbios_knl_Event_Module__root__V)
                  200026ac    0000000c     ble_debug_pem4f.oem4f (.data:ti_sysbios_knl_Task_Module__root__V)
                  200026b8    0000000c     ble_debug_pem4f.oem4f (.data:ti_uia_runtime_QueueDescriptor_Module__state__V)
                  200026c4    0000000c     ble_debug_pem4f.oem4f (.data:xdc_runtime_SysMin_Module__state__V)
                  200026d0    0000000a     UartLog.obj (.data)
                  200026da    00000002     gatt_pxxx_coc.a : gatt_server.o (.data)
                  200026dc    00000009     project_zero.obj (.data)
                  200026e5    00000001     button_service.obj (.data:bs_BUTTON0Val)
                  200026e6    00000002     l2cap_pxxx_coc.a : l2cap_task.o (.data)
                  200026e8    00000008     ble5_project_zero_cc13x2r1lp_stack_library.lib : hal_assert.obj (.data:$O1$$)
                  200026f0    00000008                                                    : osal_clock.obj (.data:$O1$$)
                  200026f8    00000008     rtsv7M4_T_le_v4SPD16_eabi.lib : _lock.c.obj (.data:$O1$$)
                  20002700    00000008     project_zero.obj (.data:ProjectZero_BondMgrCBs)
                  20002708    00000008     project_zero.obj (.data:ProjectZero_Button_ServiceCBs)
                  20002710    00000008     project_zero.obj (.data:ProjectZero_Data_ServiceCBs)
                  20002718    00000008     project_zero.obj (.data:ProjectZero_LED_ServiceCBs)
                  20002720    00000008     devinfoservice.obj (.data:devInfoSystemId)
                  20002728    00000008     drivers_cc13x2_v1.aem4f : PINCC26XX.oem4f (.data)
                  20002730    00000008     icall_cc2650.obj (.data)
                  20002738    00000008     profiles_pxxx_coc.a : gapgattserver.o (.data)
                  20002740    00000008     ti.uia.runtime.aem4f : QueueDescriptor.oem4f (.data)
                  20002748    00000008     ble_debug_pem4f.oem4f (.data:ti_sysbios_family_arm_cc26xx_Timer_Module__state__V)
                  20002750    00000008     ble_debug_pem4f.oem4f (.data:ti_sysbios_family_arm_m3_Hwi_Module__root__V)
                  20002758    00000008     ble_debug_pem4f.oem4f (.data:ti_sysbios_gates_GateHwi_Module__root__V)
                  20002760    00000008     ble_debug_pem4f.oem4f (.data:ti_sysbios_gates_GateHwi_Object__table__V)
                  20002768    00000008     ble_debug_pem4f.oem4f (.data:ti_sysbios_gates_GateMutexPri_Module__root__V)
                  20002770    00000008     ble_debug_pem4f.oem4f (.data:ti_sysbios_gates_GateMutex_Module__root__V)
                  20002778    00000008     ble_debug_pem4f.oem4f (.data:ti_sysbios_heaps_HeapMem_Module__root__V)
                  20002780    00000008     ble_debug_pem4f.oem4f (.data:ti_sysbios_heaps_HeapTrack_Module__root__V)
                  20002788    00000008     ble_debug_pem4f.oem4f (.data:ti_sysbios_knl_Clock_Module__root__V)
                  20002790    00000008     ble_debug_pem4f.oem4f (.data:ti_sysbios_knl_Queue_Module__root__V)
                  20002798    00000008     ble_debug_pem4f.oem4f (.data:ti_sysbios_knl_Semaphore_Module__root__V)
                  200027a0    00000008     ble_debug_pem4f.oem4f (.data:ti_sysbios_knl_Swi_Module__root__V)
                  200027a8    00000008     ble_debug_pem4f.oem4f (.data:ti_uia_loggers_LoggerStopMode_Module__root__V)
                  200027b0    00000008     ble_debug_pem4f.oem4f (.data:xdc_runtime_Registry_Module__state__V)
                  200027b8    00000008     ble_debug_pem4f.oem4f (.data:xdc_runtime_Startup_Module__state__V)
                  200027c0    00000008     ble_debug_pem4f.oem4f (.data:xdc_runtime_System_Module__state__V)
                  200027c8    00000007     devinfoservice.obj (.data:devInfoPnpId)
                  200027cf    00000001     button_service.obj (.data:bs_BUTTON1Val)
                  200027d0    00000006     nvoctp.obj (.data)
                  200027d6    00000002     l2cap_pxxx_coc.a : l2cap_task.o (.data)
                  200027d8    00000005     drivers_cc13x2_v1.aem4f : GPIOCC26XX.oem4f (.data)
                  200027dd    00000001                             : AESCCMCC26XX.oem4f (.data)
                  200027de    00000002     ll_pxxx.a : ll_ae.o (.data)
                  200027e0    00000004     ble5_project_zero_cc13x2r1lp_stack_library.lib : osal_pwrmgr.obj (.data:$O1$$)
                  200027e4    00000004     icall.obj (.data:ICall_initParams)
                  200027e8    00000004     project_zero.obj (.data:ProjectZero_oadCBs)
                  200027ec    00000004     ble5_project_zero_cc13x2r1lp_stack_library.lib : ble_user_config.obj (.data)
                  200027f0    00000004                                                    : osal_bufmgr.obj (.data)
                  200027f4    00000004     ble_user_config.obj (.data)
                  200027f8    00000004     drivers_cc13x2_v1.aem4f : GPIOCC26XX.oem4f (.data:gpioPinTable)
                  200027fc    00000004     rtsv7M4_T_le_v4SPD16_eabi.lib : stkdepth_vars.c.obj (.data)
                  20002800    00000004     ble_debug_pem4f.oem4f (.data:ti_sysbios_family_arm_cc26xx_TimestampProvider_Module__state__V)
                  20002804    00000004     ble_debug_pem4f.oem4f (.data:ti_sysbios_family_arm_m3_Hwi_Module_State_0_excContext__A)
                  20002808    00000004     ble_debug_pem4f.oem4f (.data:ti_sysbios_family_arm_m3_Hwi_Module_State_0_excStack__A)
                  2000280c    00000004     ble_debug_pem4f.oem4f (.data:ti_sysbios_knl_Task_Module_State_0_idleTask__A)
                  20002810    00000004     ble_debug_pem4f.oem4f (.data:xdc_runtime_Memory_Module__state__V)
                  20002814    00000002     sm_pxxx_coc.a : sm_mgr.o (.data)
                  20002816    00000002     ble_debug_pem4f.oem4f (.data:ti_sysbios_family_arm_m3_Hwi_Module_State_0_excActive__A)
                  20002818    00000002     ble_debug_pem4f.oem4f (.data:xdc_runtime_Error_Module__state__V)
                  2000281a    00000001     drivers_cc13x2_v1.aem4f : AESECBCC26XX.oem4f (.data)
                  2000281b    00000001                             : ECDHCC26X2.oem4f (.data)
                  2000281c    00000001                             : NVS.oem4f (.data)
                  2000281d    00000001                             : SPI.oem4f (.data)
                  2000281e    00000001                             : UART.oem4f (.data)
                  2000281f    00000001     flash_interface_ext_rtos_NVS.obj (.data)
                  20002820    00000001     gap_pxxx_coc.a : gap_advertiser.o (.data)
                  20002821    00000001                    : gap_task.o (.data)
                  20002822    00000001     gatt_pxxx_coc.a : gatt_client.o (.data)
                  20002823    00000001                     : gatt_server.o (.data)
                  20002824    00000001                     : gatt_task.o (.data)
                  20002825    00000001     l2cap_pxxx_coc.a : l2cap_task.o (.data)
                  20002826    00000001                      : l2cap_task.o (.data)
                  20002827    00000001     ll_pxxx.a : ll_ae.o (.data)
                  20002828    00000001               : ll_ae.o (.data)
                  20002829    00000001               : ll_scheduler.o (.data)
                  2000282a    00000001     led_service.obj (.data:ls_LED0Val)
                  2000282b    00000001     led_service.obj (.data:ls_LED1Val)
                  2000282c    00000001     profiles_pxxx_coc.a : gapgattserver.o (.data)
                  2000282d    00000001                         : gapgattserver.o (.data)
                  2000282e    00000001                         : gapgattserver.o (.data)
                  2000282f    00000001                         : gapgattserver.o (.data)
                  20002830    00000001                         : gattservapp.o (.data)
                  20002831    00000001                         : gattservapp.o (.data)

.bss       0    20002880    0000aa63     UNINITIALIZED
                  20002880    00007530     (.common:ti_sysbios_heaps_HeapMem_Instance_State_0_buf__A)
                  20009db0    00000800     (.common:appTaskStack)
                  2000a5b0    00000050     (.common:pzTask)
                  2000a600    00000800     (.common:ti_uia_loggers_LoggerStopMode_Instance_State_1_packetArray__A)
                  2000ae00    00000500     (.common:uartLog_evBuf)
                  2000b300    00000300     ble_debug_pem4f.oem4f (.bss:taskStackSection)
                  2000b600    00000300     (.common:xdc_runtime_SysMin_Module_State_0_outbuf__A)
                  2000b900    00000250     (.common:uartCC26XXObjects)
                  2000bb50    00000030     rf_multiMode_cc13x2_v1.aem4f : RFCC26X2_multiMode.oem4f (.bss:RF_Sch)
                  2000bb80    00000200     (.common:ti_uia_loggers_LoggerStopMode_Instance_State_0_packetArray__A)
                  2000bd80    000001c8     (.common:spiCC26XXDMAObjects)
                  2000bf48    000001c0                                  : RFCC26X2_multiMode.oem4f (.bss:RF_cmdPool)
                  2000c108    00000120     rtsv7M4_T_le_v4SPD16_eabi.lib : trgmsg.c.obj (.bss:_CIOBUF_)
                  2000c228    00000100     (.common:crcBuf)
                  2000c328    000000d8     (.common:ti_sysbios_family_arm_m3_Hwi_dispatchTable)
                  2000c400    000000c8     ll_pxxx.a : ll.o (.bss)
                  2000c4c8    000000ac     (.common:uartLog_outBuf)
                  2000c574    0000007c     (.common:pinHandleTable)
                  2000c5f0    00000068     rf_multiMode_cc13x2_v1.aem4f : RFCC26X2_multiMode.oem4f (.bss:RF_ratModule)
                  2000c658    00000060     project_zero.obj (.bss:connList)
                  2000c6b8    00000054     (.common:ecdhCC26X2Objects)
                  2000c70c    0000004c     (.common:aesccmCC26XXObjects)
                  2000c758    0000004c     (.common:aesecbCC26XXObjects)
                  2000c7a4    00000048     icall.obj (.bss:ICall_entities)
                  2000c7ec    00000044     ll_pxxx.a : ll_ae.o (.bss)
                  2000c830    00000044     sm_pxxx_coc.a : sm_pairing.o (.bss)
                  2000c874    00000040     CC1352R1_LAUNCHXL.obj (.bss:verifyBuf)
                  2000c8b4    00000040     (.common:uartCC26XXRingBuffer)
                  2000c8f4    00000038     oad.obj (.bss:candidateImageHeader)
                  2000c92c    00000038     ll_pxxx.a : ble.o (.bss)
                  2000c964    00000034     rf_multiMode_cc13x2_v1.aem4f : RFCC26X2_multiMode.oem4f (.bss:RF_swiFsmObj)
                  2000c998    00000034                                  : RFCC26X2_multiMode.oem4f (.bss:RF_swiHwObj)
                  2000c9cc    00000034     drivers_cc13x2_v1.aem4f : PINCC26XX.oem4f (.bss:pinSwi)
                  2000ca00    00000030     gap_pxxx_coc.a : linkdb.o (.bss)
                  2000ca30    00000030     l2cap_pxxx_coc.a : l2cap_task.o (.bss)
                  2000ca60    00000020     rf_multiMode_cc13x2_v1.aem4f : RFCC26X2_multiMode.oem4f (.bss:RF_cmdQ)
                  2000ca80    00000030     (.common:ti_uia_loggers_LoggerStopMode_Instance_State_0_hdr__A)
                  2000cab0    00000028     (.common:nvFptrs)
                  2000cad8    00000024     icall.obj (.bss:ICall_tasks)
                  2000cafc    00000004     att_pxxx_coc.a : att_client.o (.bss)
                  2000cb00    00000030     (.common:ti_uia_loggers_LoggerStopMode_Instance_State_1_hdr__A)
                  2000cb30    00000024     rf_multiMode_cc13x2_v1.aem4f : RFCC26X2_multiMode.oem4f (.bss:RF_clkPowerUpObj)
                  2000cb54    00000024     project_zero.obj (.bss:button0DebounceClock)
                  2000cb78    00000024     project_zero.obj (.bss:button1DebounceClock)
                  2000cb9c    00000024     ll_pxxx.a : ll.o (.bss)
                  2000cbc0    00000024               : ll_enc.o (.bss)
                  2000cbe4    00000024     oad.obj (.bss:oadActivityClk)
                  2000cc08    00000020     drivers_cc13x2_v1.aem4f : GPIOCC26XX.oem4f (.bss:gpioCallbackInfo)
                  2000cc28    00000020     ll_pxxx.a : ll_ecc.o (.bss)
                  2000cc48    00000020               : ll_enc.o (.bss)
                  2000cc68    00000020     drivers_cc13x2_v1.aem4f : PINCC26XX.oem4f (.bss:pinGpioConfigTable)
                  2000cc88    00000020     project_zero.obj (.bss)
                  2000cca8    00000020     (.common:udmaObjects)
                  2000ccc8    0000001c     rf_multiMode_cc13x2_v1.aem4f : RFCC26X2_multiMode.oem4f (.bss:RF_hwiCpe0Obj)
                  2000cce4    0000001c                                  : RFCC26X2_multiMode.oem4f (.bss:RF_hwiHwObj)
                  2000cd00    0000001c     gap_pxxx_coc.a : gap_configmgr.o (.bss)
                  2000cd1c    0000001c     ll_pxxx.a : ble.o (.bss)
                  2000cd38    0000001c     drivers_cc13x2_v1.aem4f : PINCC26XX.oem4f (.bss:pinHwi)
                  2000cd54    0000001c                             : PINCC26XX.oem4f (.bss:pinSemaphore)
                  2000cd70    0000001c     (.common:CryptoResourceCC26XX_accessSemaphore)
                  2000cd8c    0000001c     (.common:CryptoResourceCC26XX_hwi)
                  2000cda8    0000001c     (.common:CryptoResourceCC26XX_operationSemaphore)
                  2000cdc4    0000001c     (.common:PKAResourceCC26XX_accessSemaphore)
                  2000cde0    0000001c     (.common:PKAResourceCC26XX_hwi)
                  2000cdfc    0000001c     (.common:PKAResourceCC26XX_operationSemaphore)
                  2000ce18    00000019     nvoctp.obj (.bss)
                  2000ce31    00000002     project_zero.obj (.bss:buttonMsg$10)
                  2000ce33    00000001     att_pxxx_coc.a : att_util.o (.bss)
                  2000ce34    00000018     profiles_pxxx_coc.a : gapgattserver.o (.bss)
                  2000ce4c    00000018                         : gattservapp.o (.bss)
                  2000ce64    00000016     rf_multiMode_cc13x2_v1.aem4f : RFCC26X2_multiMode.oem4f (.bss)
                  2000ce7a    00000002     drivers_cc13x2_v1.aem4f : UARTCC26XX.oem4f (.bss)
                  2000ce7c    00000014     rf_multiMode_cc13x2_v1.aem4f : RFCC26X2_multiMode.oem4f (.bss:RF_ratSyncCmd)
                  2000ce90    00000014                                  : RFCC26X2_multiMode.oem4f (.bss:RF_wakeupNotifyObj)
                  2000cea4    00000014     project_zero.obj (.bss:addrStr$4)
                  2000ceb8    00000014     project_zero.obj (.bss:addrStr$6)
                  2000cecc    00000014     project_zero.obj (.bss:addrStr$7)
                  2000cee0    00000014     ll_pxxx.a : ble.o (.bss)
                  2000cef4    00000014               : ll.o (.bss)
                  2000cf08    00000014     oad.obj (.bss)
                  2000cf1c    00000014     driverlib.lib : osc.obj (.bss:oscHfGlobals)
                  2000cf30    00000014     drivers_cc13x2_v1.aem4f : GPIOCC26XX.oem4f (.bss:powerNotifyObj)
                  2000cf44    00000010     rf_multiMode_cc13x2_v1.aem4f : RFCC26X2_multiMode.oem4f (.bss:RF_core)
                  2000cf54    00000010     gap_pxxx_coc.a : gap_configmgr.o (.bss)
                  2000cf64    00000010     ll_pxxx.a : ble.o (.bss)
                  2000cf74    00000010               : ll_ecc.o (.bss)
                  2000cf84    00000010               : ll_ecc.o (.bss)
                  2000cf94    00000010               : ll_ecc.o (.bss)
                  2000cfa4    00000010               : ll_ecc.o (.bss)
                  2000cfb4    00000010               : ll_ecc.o (.bss)
                  2000cfc4    00000010               : ll_ecc.o (.bss)
                  2000cfd4    00000010               : ll_enc.o (.bss)
                  2000cfe4    00000010               : ll_enc.o (.bss)
                  2000cff4    00000010               : ll_enc.o (.bss)
                  2000d004    00000010               : ll_enc.o (.bss)
                  2000d014    00000010     project_zero.obj (.bss:pretty_data_holder$8)
                  2000d024    00000010     drivers_cc13x2_v1.aem4f : NVSSPI25X.oem4f (.bss:spiHandles)
                  2000d034    0000000c     ble5_project_zero_cc13x2r1lp_stack_library.lib : osal_timers.obj (.bss:$O1$$)
                  2000d040    0000000c     nvoctp.obj (.bss:NVOCTP_itemBuffer)
                  2000d04c    0000000c     nvoctp.obj (.bss:NVOCTP_nvsAttrs)
                  2000d058    0000000c     project_zero.obj (.bss:appMsgQueue)
                  2000d064    0000000c     project_zero.obj (.bss:buttonPinState)
                  2000d070    0000000c     drivers_cc13x2_v1.aem4f : NVSCC26XX.oem4f (.bss)
                  2000d07c    0000000c                             : NVSSPI25X.oem4f (.bss)
                  2000d088    0000000c                             : GPIOCC26XX.oem4f (.bss:gpioPinState)
                  2000d094    0000000c     project_zero.obj (.bss:ledPinState)
                  2000d0a0    0000000c     ll_pxxx.a : ll_ecc.o (.bss)
                  2000d0ac    0000000c               : ll_enc.o (.bss)
                  2000d0b8    0000000c               : ll_scheduler.o (.bss)
                  2000d0c4    0000000c     oad.obj (.bss:oadQ)
                  2000d0d0    0000000c     flash_interface_ext_rtos_NVS.obj (.bss:regionAttrs)
                  2000d0dc    0000000c     (.common:nvsSPI25XObjects)
                  2000d0e8    00000008     button_service.obj (.bss)
                  2000d0f0    00000008     drivers_cc13x2_v1.aem4f : GPIOCC26XX.oem4f (.bss)
                  2000d0f8    00000008     gap_pxxx_coc.a : gap_configmgr.o (.bss)
                  2000d100    00000008                    : gap_linkmgr.o (.bss)
                  2000d108    00000008     hci_pxxx.a : hci_event.o (.bss)
                  2000d110    00000008                : hci_event.o (.bss)
                  2000d118    00000008                : hci_event.o (.bss)
                  2000d120    00000008     ll_pxxx.a : ll.o (.bss)
                  2000d128    00000008               : ll.o (.bss)
                  2000d130    00000008               : ll.o (.bss)
                  2000d138    00000008               : ll.o (.bss)
                  2000d140    00000008               : ll.o (.bss)
                  2000d148    00000008               : ll.o (.bss)
                  2000d150    00000008               : ll_common.o (.bss)
                  2000d158    00000008               : ll_privacy.o (.bss)
                  2000d160    00000008     project_zero.obj (.bss:paramUpdateList)
                  2000d168    00000008     profiles_pxxx_coc.a : gattservapp.o (.bss)
                  2000d170    00000008     project_zero.obj (.bss:setPhyCommStatList)
                  2000d178    00000008     project_zero.obj (.bss:versionStr$1)
                  2000d180    00000008     (.common:parmbuf)
                  2000d188    00000004     att_pxxx_coc.a : att_server.o (.bss)
                  2000d18c    00000004     data_service.obj (.bss)
                  2000d190    00000004     drivers_cc13x2_v1.aem4f : ECDHCC26X2.oem4f (.bss)
                  2000d194    00000004                             : PINCC26XX.oem4f (.bss)
                  2000d198    00000004     flash_interface_ext_rtos_NVS.obj (.bss)
                  2000d19c    00000004     gap_pxxx_coc.a : gap_advertiser.o (.bss)
                  2000d1a0    00000004                    : gap_linkmgr.o (.bss)
                  2000d1a4    00000004                    : gap_linkmgr.o (.bss)
                  2000d1a8    00000004                    : gap_linkmgr.o (.bss)
                  2000d1ac    00000004                    : gap_linkmgr.o (.bss)
                  2000d1b0    00000004                    : gap_perilinkmgr.o (.bss)
                  2000d1b4    00000004                    : gap_task.o (.bss)
                  2000d1b8    00000004                    : linkdb.o (.bss)
                  2000d1bc    00000004     gatt_pxxx_coc.a : gatt_client.o (.bss)
                  2000d1c0    00000004                     : gatt_server.o (.bss)
                  2000d1c4    00000004                     : gatt_server.o (.bss)
                  2000d1c8    00000004                     : gatt_task.o (.bss)
                  2000d1cc    00000004                     : gatt_task.o (.bss)
                  2000d1d0    00000004     icall.obj (.bss)
                  2000d1d4    00000004     l2cap_pxxx_coc.a : l2cap_task.o (.bss)
                  2000d1d8    00000004                      : l2cap_task.o (.bss)
                  2000d1dc    00000004     ll_pxxx.a : ble.o (.bss)
                  2000d1e0    00000004               : ble.o (.bss)
                  2000d1e4    00000004               : ble.o (.bss)
                  2000d1e8    00000004               : ble.o (.bss)
                  2000d1ec    00000004               : ble.o (.bss)
                  2000d1f0    00000004               : ll.o (.bss)
                  2000d1f4    00000004               : ll.o (.bss)
                  2000d1f8    00000004               : ll.o (.bss)
                  2000d1fc    00000004               : ll.o (.bss)
                  2000d200    00000004               : ll.o (.bss)
                  2000d204    00000004               : ll.o (.bss)
                  2000d208    00000004               : ll.o (.bss)
                  2000d20c    00000004               : ll.o (.bss)
                  2000d210    00000004               : ll.o (.bss)
                  2000d214    00000004               : ll.o (.bss)
                  2000d218    00000004               : ll.o (.bss)
                  2000d21c    00000004               : ll.o (.bss)
                  2000d220    00000004               : ll_ae.o (.bss)
                  2000d224    00000004               : ll_ecc.o (.bss)
                  2000d228    00000004               : ll_ecc.o (.bss)
                  2000d22c    00000004               : ll_enc.o (.bss)
                  2000d230    00000004               : ll_enc.o (.bss)
                  2000d234    00000004               : ll_privacy.o (.bss)
                  2000d238    00000004               : ll_wl.o (.bss)
                  2000d23c    00000004               : ll_wl.o (.bss)
                  2000d240    00000004     flash_interface_ext_rtos_NVS.obj (.bss:nvsParams)
                  2000d244    00000004     profiles_pxxx_coc.a : gapgattserver.o (.bss)
                  2000d248    00000004                         : gattservapp.o (.bss)
                  2000d24c    00000004                         : gattservapp.o (.bss)
                  2000d250    00000004                         : gattservapp.o (.bss)
                  2000d254    00000004                         : gattservapp.o (.bss)
                  2000d258    00000004     sm_pxxx_coc.a : sm_pairing.o (.bss)
                  2000d25c    00000004                   : sm_pairing.o (.bss)
                  2000d260    00000004                   : sm_pairing.o (.bss)
                  2000d264    00000004                   : sm_rsppairing.o (.bss)
                  2000d268    00000004     drivers_cc13x2_v1.aem4f : NVSSPI25X.oem4f (.bss:spiHandleUsers)
                  2000d26c    00000004     (.common:ClockP_tickPeriod)
                  2000d270    00000004     (.common:PowerCC26XX_swiKey)
                  2000d274    00000004     (.common:PowerCC26XX_taskKey)
                  2000d278    00000004     (.common:nvsCC26xxObjects)
                  2000d27c    00000004     (.common:tasksEvents)
                  2000d280    00000004     (.common:trngCC26XXObjects)
                  2000d284    00000002     hci_pxxx.a : hci.o (.bss)
                  2000d286    00000002     ll_pxxx.a : ll.o (.bss)
                  2000d288    00000002               : ll.o (.bss)
                  2000d28a    00000002               : ll.o (.bss)
                  2000d28c    00000002               : ll.o (.bss)
                  2000d28e    00000002               : ll.o (.bss)
                  2000d290    00000002               : ll.o (.bss)
                  2000d292    00000002               : ll.o (.bss)
                  2000d294    00000002               : ll.o (.bss)
                  2000d296    00000002               : ll.o (.bss)
                  2000d298    00000002               : ll.o (.bss)
                  2000d29a    00000002               : ll.o (.bss)
                  2000d29c    00000002               : ll.o (.bss)
                  2000d29e    00000002               : ll.o (.bss)
                  2000d2a0    00000002               : ll_slave_end_causes.o (.bss)
                  2000d2a2    00000002     profiles_pxxx_coc.a : gapgattserver.o (.bss)
                  2000d2a4    00000002                         : gattservapp.o (.bss)
                  2000d2a6    00000001     gap_pxxx_coc.a : gap_advertiser.o (.bss)
                  2000d2a7    00000001                    : gap_advertiser.o (.bss)
                  2000d2a8    00000001                    : gap_advertiser.o (.bss)
                  2000d2a9    00000001                    : gap_configmgr.o (.bss)
                  2000d2aa    00000001                    : gap_configmgr.o (.bss)
                  2000d2ab    00000001                    : gap_devmgr.o (.bss)
                  2000d2ac    00000001                    : gap_linkmgr.o (.bss)
                  2000d2ad    00000001                    : gap_task.o (.bss)
                  2000d2ae    00000001                    : linkdb.o (.bss)
                  2000d2af    00000001                    : linkdb.o (.bss)
                  2000d2b0    00000001     gatt_pxxx_coc.a : gatt_task.o (.bss)
                  2000d2b1    00000001                     : gatt_task.o (.bss)
                  2000d2b2    00000001     hci_pxxx.a : hci.o (.bss)
                  2000d2b3    00000001                : hci.o (.bss)
                  2000d2b4    00000001     hci_tl_none.a : hci_tl.o (.bss)
                  2000d2b5    00000001                   : hci_tl.o (.bss)
                  2000d2b6    00000001                   : hci_tl.o (.bss)
                  2000d2b7    00000001                   : hci_tl.o (.bss)
                  2000d2b8    00000001                   : hci_tl.o (.bss)
                  2000d2b9    00000001     l2cap_pxxx_coc.a : l2cap_if.o (.bss)
                  2000d2ba    00000001                      : l2cap_task.o (.bss)
                  2000d2bb    00000001                      : l2cap_task.o (.bss)
                  2000d2bc    00000001                      : l2cap_task.o (.bss)
                  2000d2bd    00000001                      : l2cap_task.o (.bss)
                  2000d2be    00000001                      : l2cap_task.o (.bss)
                  2000d2bf    00000001                      : l2cap_task.o (.bss)
                  2000d2c0    00000001                      : l2cap_util.o (.bss)
                  2000d2c1    00000001                      : l2cap_util.o (.bss)
                  2000d2c2    00000001     ll_pxxx.a : ll.o (.bss)
                  2000d2c3    00000001               : ll.o (.bss)
                  2000d2c4    00000001               : ll.o (.bss)
                  2000d2c5    00000001               : ll.o (.bss)
                  2000d2c6    00000001               : ll.o (.bss)
                  2000d2c7    00000001               : ll.o (.bss)
                  2000d2c8    00000001               : ll.o (.bss)
                  2000d2c9    00000001               : ll.o (.bss)
                  2000d2ca    00000001               : ll.o (.bss)
                  2000d2cb    00000001               : ll.o (.bss)
                  2000d2cc    00000001               : ll.o (.bss)
                  2000d2cd    00000001               : ll.o (.bss)
                  2000d2ce    00000001               : ll.o (.bss)
                  2000d2cf    00000001               : ll.o (.bss)
                  2000d2d0    00000001               : ll.o (.bss)
                  2000d2d1    00000001               : ll.o (.bss)
                  2000d2d2    00000001               : ll.o (.bss)
                  2000d2d3    00000001               : ll.o (.bss)
                  2000d2d4    00000001               : ll.o (.bss)
                  2000d2d5    00000001               : ll.o (.bss)
                  2000d2d6    00000001               : ll_ae.o (.bss)
                  2000d2d7    00000001               : ll_ae.o (.bss)
                  2000d2d8    00000001               : ll_ae.o (.bss)
                  2000d2d9    00000001               : ll_config.o (.bss)
                  2000d2da    00000001               : ll_config.o (.bss)
                  2000d2db    00000001     profiles_pxxx_coc.a : gapgattserver.o (.bss)
                  2000d2dc    00000001                         : gattservapp.o (.bss)
                  2000d2dd    00000001                         : gattservapp.o (.bss)
                  2000d2de    00000001     sm_pxxx_coc.a : sm_task.o (.bss)
                  2000d2df    00000001                   : sm_task.o (.bss)
                  2000d2e0    00000001     (.common:driverlib_release_0_51995)
                  2000d2e1    00000001     (.common:icall_liteTaskId)
                  2000d2e2    00000001     (.common:osal_entity)

.vtable    0    2000d2e3    00000000     UNINITIALIZED

.vtable_ram 
*          0    2000d2e3    00000000     UNINITIALIZED

vtable_ram 
*          0    2000d2e3    00000000     UNINITIALIZED

.sysmem    0    2000d2e3    00000000     UNINITIALIZED

.nonretenvar 
*          0    2000d2e3    00000000     UNINITIALIZED

.stack     0    200130f8    00000400     UNINITIALIZED
                  200130f8    00000400     --HOLE--

.text      0    00000090    0002c068     
                  00000090    00001518     ll_pxxx.a : ll.o (.text)
                  000015a8    00000804               : ble.o (.text)
                  00001dac    0000070c               : ll_adv_end_causes.o (.text)
                  000024b8    00000514               : ll_slave_end_causes.o (.text)
                  000029cc    000004a0               : ll_slave_end_causes.o (.text)
                  00002e6c    00000440               : ll_ae.o (.text)
                  000032ac    00000420     sysbios.aem4f : BIOS.obj (.text:ti_sysbios_family_arm_m3_Hwi_excDumpRegs__I)
                  000036cc    0000041c     oad.obj (.text:oadProcessExtControlCmd)
                  00003ae8    00000414     project_zero.obj (.text:ProjectZero_init)
                  00003efc    0000040f     project_zero.obj (.text:ProjectZero_bootManagerCheck)
                  0000430b    00000001     --HOLE-- [fill = 0]
                  0000430c    000003e8     ble5_project_zero_cc13x2r1lp_stack_library.lib : gapbondmgr.obj (.text:GAPBondMgr_ProcessGAPMsg)
                  000046f4    00000398     ll_pxxx.a : ll.o (.text)
                  00004a8c    0000038c     project_zero.obj (.text:ProjectZero_processGapMessage)
                  00004e18    0000032c     ll_pxxx.a : ll_isr.o (.text)
                  00005144    00000314               : ll_ae.o (.text)
                  00005458    00000314     sysbios.aem4f : BIOS.obj (.text:xdc_runtime_System_doPrint__I)
                  0000576c    0000030c                   : BIOS.obj (.text:ti_sysbios_knl_Event_pend__E)
                  00005a78    000002f8     rf_multiMode_cc13x2_v1.aem4f : RFCC26X2_multiMode.oem4f (.text:RF_fsmActiveState)
                  00005d70    000002f8     ll_pxxx.a : ll_isr.o (.text)
                  00006068    000002b0               : ll_slave_end_causes.o (.text)
                  00006318    0000029c     data_service.obj (.text:Data_Service_WriteAttrCB)
                  000065b4    00000284     sysbios.aem4f : BIOS.obj (.text:ti_sysbios_knl_Semaphore_pend__E)
                  00006838    00000260     hci_pxxx.a : hci_event.o (.text)
                  00006a98    0000025c     oad.obj (.text:oadImgBlockWrite)
                  00006cf4    00000258     ll_pxxx.a : ll_common.o (.text)
                  00006f4c    00000244               : ll_ae.o (.text)
                  00007190    00000240     button_service.obj (.text:ButtonService_SetParameter)
                  000073d0    00000240     data_service.obj (.text:DataService_SetParameter)
                  00007610    00000238     sysbios.aem4f : BIOS.obj (.text:ti_sysbios_heaps_HeapMem_freeUnprotected__E)
                  00007848    00000230     ll_pxxx.a : ll_scheduler.o (.text)
                  00007a78    0000021c               : ll_ae.o (.text)
                  00007c94    00000218     drivers_cc13x2_v1.aem4f : SPICC26XXDMA.oem4f (.text:SPICC26XXDMA_transfer)
                  00007eac    00000214     ll_pxxx.a : ll_ae.o (.text)
                  000080c0    00000210               : ll_common.o (.text)
                  000082d0    0000020c     ble5_project_zero_cc13x2r1lp_stack_library.lib : gapbondmgr.obj (.text:GAPBondMgr_ProcessEvent)
                  000084dc    00000208                                                    : gapbondmgr.obj (.text:GAPBondMgr_SetParameter)
                  000086e4    00000208     ll_pxxx.a : ll_isr.o (.text)
                  000088ec    00000204     profiles_pxxx_coc.a : gattservapp.o (.text)
                  00008af0    00000204     sm_pxxx_coc.a : sm_pairing.o (.text)
                  00008cf4    00000200     ll_pxxx.a : ll_scheduler.o (.text)
                  00008ef4    00000200     project_zero.obj (.text:projectZero_eraseExternalFlash)
                  000090f4    000001fe     main.obj (.text:AssertHandler)
                  000092f2    00000002     ble_user_config.obj (.text:DefaultAssertCback)
                  000092f4    000001f8     sysbios.aem4f : BIOS.obj (.text:ti_sysbios_heaps_HeapMem_allocUnprotected__E)
                  000094ec    000001f8                   : BIOS.obj (.text:ti_sysbios_knl_Task_Instance_finalize__E)
                  000096e4    000001e4     sm_pxxx_coc.a : sm_rsppairing.o (.text)
                  000098c8    000001d8     led_service.obj (.text:LED_Service_WriteAttrCB)
                  00009aa0    000001d8     project_zero.obj (.text:ProjectZero_taskFxn)
                  00009c78    000001d8     ble5_project_zero_cc13x2r1lp_stack_library.lib : gapbondmgr.obj (.text:gapBondMgrAddBond)
                  00009e50    000001d4     ll_pxxx.a : ll_common.o (.text)
                  0000a024    000001c8     ble5_project_zero_cc13x2r1lp_stack_library.lib : osal.obj (.text:osal_run_system)
                  0000a1ec    000001c4     nvoctp.obj (.text:NVOCTP_initNvApi)
                  0000a3b0    000001c0     drivers_cc13x2_v1.aem4f : PINCC26XX.oem4f (.text:PIN_init)
                  0000a570    000001b8     ble5_project_zero_cc13x2r1lp_stack_library.lib : gap.obj (.text:GAP_DeviceInit)
                  0000a728    000001b0     sysbios.aem4f : BIOS.obj (.text:ti_sysbios_knl_Task_Instance_init__E)
                  0000a8d8    000001ac                   : BIOS.obj (.text:ti_sysbios_knl_Task_sleep__E)
                  0000aa84    000001a4     drivers_cc13x2_v1.aem4f : PowerCC26X2.oem4f (.text:Power_sleep)
                  0000ac28    000001a4     gap_pxxx_coc.a : gap_advertiser.o (.text)
                  0000adcc    0000019c     ll_pxxx.a : ll_isr.o (.text)
                  0000af68    00000194     driverlib.lib : pka.obj (.text:NOROM_PKAEccVerifyPublicKeyWeierstrassStart)
                  0000b0fc    00000194     drivers_cc13x2_v1.aem4f : PowerCC26X2_calibrateRCOSC.oem4f (.text:runCalibrateFsm)
                  0000b290    00000190                             : ECDHCC26X2.oem4f (.text:ECDHCC26X2_runFSM)
                  0000b420    00000190     ll_pxxx.a : ll.o (.text)
                  0000b5b0    0000018c     rf_multiMode_cc13x2_v1.aem4f : RFCC26X2_multiMode.oem4f (.text:RF_scheduleCmd)
                  0000b73c    00000180     sysbios.aem4f : BIOS.obj (.text:ti_sysbios_gates_GateMutexPri_enter__E)
                  0000b8bc    00000180                   : BIOS.obj (.text:ti_sysbios_knl_Task_setPri__E)
                  0000ba3c    00000174     profiles_pxxx_coc.a : gattservapp.o (.text)
                  0000bbb0    00000170     rf_multiMode_cc13x2_v1.aem4f : RFCC26X2_multiMode.oem4f (.text:RF_fsmSetupState)
                  0000bd20    0000016c     sysbios.aem4f : BIOS.obj (.text:ti_sysbios_family_arm_m3_Hwi_excBusFault__I)
                  0000be8c    00000168     crc32.obj (.text:CRC32_calc)
                  0000bff4    00000168     drivers_cc13x2_v1.aem4f : NVSSPI25X.oem4f (.text:NVSSPI25X_write)
                  0000c15c    00000168     UartLog.obj (.text:uartLog_doPrint)
                  0000c2c4    00000164     button_service.obj (.text:Button_Service_ReadAttrCB)
                  0000c428    00000160     data_service.obj (.text:Data_Service_ReadAttrCB)
                  0000c588    00000160     led_service.obj (.text:LED_Service_ReadAttrCB)
                  0000c6e8    00000160     drivers_cc13x2_v1.aem4f : SPICC26XXDMA.oem4f (.text:SPICC26XXDMA_initIO)
                  0000c848    00000160     gatt_pxxx_coc.a : gatt_client.o (.text)
                  0000c9a8    00000160     ll_pxxx.a : ll_data.o (.text)
                  0000cb08    0000015c     drivers_cc13x2_v1.aem4f : UARTCC26XX.oem4f (.text:UARTCC26XX_open)
                  0000cc64    0000015c                             : PowerCC26X2_calibrateRCOSC.oem4f (.text:calibrateRcoscHf1)
                  0000cdc0    0000015c     sm_pxxx_coc.a : sm_mgr.o (.text)
                  0000cf1c    00000158     sysbios.aem4f : BIOS.obj (.text:ti_sysbios_family_arm_m3_Hwi_excUsageFault__I)
                  0000d074    00000154     led_service.obj (.text:LedService_SetParameter)
                  0000d1c8    00000154     nvoctp.obj (.text:NVOCTP_compactPage)
                  0000d31c    00000154     drivers_cc13x2_v1.aem4f : UARTCC26XX.oem4f (.text:UARTCC26XX_hwiIntFxn)
                  0000d470    00000154     gap_pxxx_coc.a : gap_advertiser.o (.text)
                  0000d5c4    00000150     sysbios.aem4f : BIOS.obj (.text:ti_sysbios_heaps_HeapTrack_free__E)
                  0000d714    0000014c     gatt_pxxx_coc.a : gatt_server.o (.text)
                  0000d860    0000014b     project_zero.obj (.text:ProjectZero_processHCIMsg)
                  0000d9ab    00000001     --HOLE-- [fill = 0]
                  0000d9ac    00000148     nvoctp.obj (.text:NVOCTP_writeItem)
                  0000daf4    00000148     l2cap_pxxx_coc.a : l2cap_task.o (.text)
                  0000dc3c    00000148     sm_pxxx_coc.a : sm_mgr.o (.text)
                  0000dd84    00000144     button_service.obj (.text:Button_Service_WriteAttrCB)
                  0000dec8    00000144     oad.obj (.text:OAD_processQueue)
                  0000e00c    00000140     project_zero.obj (.text:ProjectZero_LedService_ValueChangeHandler)
                  0000e14c    00000140     ll_pxxx.a : ll_common.o (.text)
                  0000e28c    00000140               : ll_isr.o (.text)
                  0000e3cc    00000140     sysbios.aem4f : BIOS.obj (.text:ti_sysbios_family_arm_m3_Hwi_excMemFault__I)
                  0000e50c    00000140                   : BIOS.obj (.text:ti_sysbios_knl_Event_post__E)
                  0000e64c    0000013c     ble5_project_zero_cc13x2r1lp_stack_library.lib : gapbondmgr.obj (.text:gapBondMgrAuthenticate)
                  0000e788    00000138     drivers_cc13x2_v1.aem4f : NVSCC26XX.oem4f (.text:NVSCC26XX_write)
                  0000e8c0    00000138     profiles_pxxx_coc.a : gattservapp.o (.text)
                  0000e9f8    00000138     sysbios.aem4f : BIOS.obj (.text:ti_sysbios_heaps_HeapMem_Instance_init__E)
                  0000eb30    00000138     ble_debug_pem4f.oem4f (.text:ti_uia_loggers_LoggerStopMode_writeMemoryRange__E)
                  0000ec68    00000134     driverlib.lib : setup.obj (.text:TrimAfterColdResetWakeupFromShutDown)
                  0000ed9c    00000130     drivers_cc13x2_v1.aem4f : PowerCC26X2.oem4f (.text:Power_init)
                  0000eecc    00000130     sysbios.aem4f : BIOS.obj (.text:xdc_runtime_Error_policyDefault__E)
                  0000effc    0000012c     rf_multiMode_cc13x2_v1.aem4f : RFCC26X2_multiMode.oem4f (.text:RF_getInfo)
                  0000f128    0000012c     sysbios.aem4f : BIOS.obj (.text:ti_sysbios_knl_Semaphore_post__E)
                  0000f254    00000128     rf_multiMode_cc13x2_v1.aem4f : RFCC26X2_multiMode.oem4f (.text:RF_fsmChangePhyState)
                  0000f37c    00000124                                  : RFCC26X2_multiMode.oem4f (.text:RF_abortCmd)
                  0000f4a0    00000124                                  : RFCC26X2_multiMode.oem4f (.text:RF_init)
                  0000f5c4    00000124     ll_pxxx.a : ll_scheduler.o (.text)
                  0000f6e8    00000120     drivers_cc13x2_v1.aem4f : UARTCC26XX.oem4f (.text:UARTCC26XX_read)
                  0000f808    0000011c                             : SPICC26XXDMA.oem4f (.text:SPICC26XXDMA_configDMA)
                  0000f924    0000011c                             : SPICC26XXDMA.oem4f (.text:SPICC26XXDMA_open)
                  0000fa40    0000011c     l2cap_pxxx_coc.a : l2cap_util.o (.text)
                  0000fb5c    0000011c     profiles_pxxx_coc.a : gattservapp.o (.text)
                  0000fc78    0000011c     sysbios.aem4f : BIOS.obj (.text:ti_sysbios_family_arm_m3_Hwi_dispatchC__I)
                  0000fd94    0000011a     l2cap_pxxx_coc.a : l2cap_task.o (.text)
                  0000feae    00000002     driverlib.lib : rfc.obj (.text:NOROM_RFCCpePatchReset)
                  0000feb0    00000118                   : sys_ctrl.obj (.text:NOROM_SysCtrlStandby)
                  0000ffc8    00000118     profiles_pxxx_coc.a : gattservapp.o (.text)
                  000100e0    00000118     project_zero.obj (.text:projectZero_revertToFactoryImage)
                  000101f8    00000114     project_zero.obj (.text:ProjectZero_processPairState)
                  0001030c    00000114     rf_multiMode_cc13x2_v1.aem4f : RFCC26X2_multiMode.oem4f (.text:RF_radioOpDoneCb)
                  00010420    00000114     ll_pxxx.a : ll_common.o (.text)
                  00010534    00000114     sysbios.aem4f : BIOS.obj (.text:ti_sysbios_knl_Swi_run__I)
                  00010648    00000114     ble_debug_pem4f.oem4f (.text:ti_uia_loggers_LoggerStopMode_write8__E)
                  0001075c    00000110     gatt_pxxx_coc.a : gatt_server.o (.text)
                  0001086c    00000110     sm_pxxx_coc.a : sm_rsppairing.o (.text)
                  0001097c    0000010a     icall.obj (.text:ICall_waitMatch)
                  00010a86    00000002     drivers_cc13x2_v1.aem4f : NVSSPI25X.oem4f (.text:NVSSPI25X_deinitSpiCs)
                  00010a88    00000108     gap_pxxx_coc.a : gap_advertiser.o (.text)
                  00010b90    00000108     ble5_project_zero_cc13x2r1lp_stack_library.lib : ble_user_config.obj (.text:setBleUserConfig)
                  00010c98    00000108     sysbios.aem4f : BIOS.obj (.text:ti_sysbios_knl_Clock_Instance_init__E)
                  00010da0    00000104     rf_multiMode_cc13x2_v1.aem4f : RFCC26X2_multiMode.oem4f (.text:RF_open)
                  00010ea4    00000104     sm_pxxx_coc.a : sm_rsppairing.o (.text)
                  00010fa8    00000100     drivers_cc13x2_v1.aem4f : GPIOCC26XX.oem4f (.text:GPIO_setConfig)
                  000110a8    00000100     oad.obj (.text:OAD_open)
                  000111a8    00000100     project_zero.obj (.text:ProjectZero_handleUpdateLinkEvent)
                  000112a8    00000100     rf_multiMode_cc13x2_v1.aem4f : RFCC26X2_multiMode.oem4f (.text:RF_fsmPowerUpState)
                  000113a8    00000100     drivers_cc13x2_v1.aem4f : UARTCC26XX.oem4f (.text:UARTCC26XX_write)
                  000114a8    000000fc     ll_pxxx.a : ll.o (.text)
                  000115a4    000000fc     rtsv7M4_T_le_v4SPD16_eabi.lib : fd_mul_t2.asm.obj (.text)
                  000116a0    000000fc     sysbios.aem4f : BIOS.obj (.text:ti_sysbios_family_arm_m3_Hwi_excFillContext__I)
                  0001179c    000000fc     ble_debug_pem4f.oem4f (.text:ti_uia_loggers_LoggerStopMode_write4__E)
                  00011898    000000fa     gatt_pxxx_coc.a : gatt_client.o (.text)
                  00011992    00000002     ble5_project_zero_cc13x2r1lp_stack_library.lib : onboard.obj (.text:Onboard_soft_reset)
                  00011994    000000f8     drivers_cc13x2_v1.aem4f : NVSSPI25X.oem4f (.text:NVSSPI25X_open)
                  00011a8c    000000f8     project_zero.obj (.text:ProjectZero_ButtonService_CfgChangeHandler)
                  00011b84    000000f8     profiles_pxxx_coc.a : gattservapp.o (.text)
                  00011c7c    000000f8     sysbios.aem4f : BIOS.obj (.text:xdc_runtime_Startup_startMods__I)
                  00011d74    000000f8     ble_debug_pem4f.oem4f (.text:xdc_runtime_System_printfExtend__I)
                  00011e6c    000000f6     sm_pxxx_coc.a : sm_mgr.o (.text)
                  00011f62    000000f4     ble5_project_zero_cc13x2r1lp_stack_library.lib : gapbondmgr.obj (.text:gapBondMgrEraseBonding)
                  00012056    00000002     rf_multiMode_cc13x2_v1.aem4f : RFCC26X2_multiMode.oem4f (.text:RF_defaultCallback)
                  00012058    000000f4     gap_pxxx_coc.a : gap_linkmgr.o (.text)
                  0001214c    000000f4     sm_pxxx_coc.a : sm_task.o (.text)
                  00012240    000000f0     drivers_cc13x2_v1.aem4f : AESCCMCC26XX.oem4f (.text:AESCCM_startOperation)
                  00012330    000000f0     devinfoservice.obj (.text:DevInfo_SetParameter)
                  00012420    000000f0     rf_multiMode_cc13x2_v1.aem4f : RFCC26X2_multiMode.oem4f (.text:RF_pendCmd)
                  00012510    000000f0     drivers_cc13x2_v1.aem4f : SPICC26XXDMA.oem4f (.text:SPICC26XXDMA_transferCancel)
                  00012600    000000f0     ble5_project_zero_cc13x2r1lp_stack_library.lib : osal_timers.obj (.text:osalTimerUpdate)
                  000126f0    000000f0     sm_pxxx_coc.a : sm_pairing.o (.text)
                  000127e0    000000f0     sysbios.aem4f : m3_Hwi_asm.obj (.text:ti_sysbios_family_arm_m3_Hwi_dispatch__I)
                  000128d0    000000f0     ble_debug_pem4f.oem4f (.text:ti_uia_loggers_LoggerStopMode_write2__E)
                  000129c0    000000ec     ll_pxxx.a : ll_common.o (.text)
                  00012aac    000000ec     oad.obj (.text:oadImgIdentifyWrite)
                  00012b98    000000ec     sysbios.aem4f : BIOS.obj (.text:ti_sysbios_family_arm_m3_Hwi_excHandlerMax__I)
                  00012c84    000000ec     ble_debug_pem4f.oem4f (.text:ti_uia_loggers_LoggerStopMode_write1__E)
                  00012d70    000000e8     project_zero.obj (.text:ProjectZero_DataService_ValueChangeHandler)
                  00012e58    000000e8     sysbios.aem4f : BIOS.obj (.text:xdc_runtime_Core_createObject__I)
                  00012f40    000000e7     project_zero.obj (.text:ProjectZero_DataService_CfgChangeHandler)
                  00013027    00000001     --HOLE-- [fill = 0]
                  00013028    000000e4     gatt_pxxx_coc.a : gatt_client.o (.text)
                  0001310c    000000e4     sm_pxxx_coc.a : sm_pairing.o (.text)
                  000131f0    000000e0     drivers_cc13x2_v1.aem4f : PINCC26XX.oem4f (.text:PINCC26XX_setIoCfg)
                  000132d0    000000e0     ble5_project_zero_cc13x2r1lp_stack_library.lib : gapbondmgr.obj (.text:gapBondMgr_LinkEst)
                  000133b0    000000e0     hci_pxxx.a : hci_event.o (.text)
                  00013490    000000e0     ll_pxxx.a : ll_ae.o (.text)
                  00013570    000000de     profiles_pxxx_coc.a : gapgattserver.o (.text)
                  0001364e    00000002     ble5_project_zero_cc13x2r1lp_stack_library.lib : sm_ecc.obj (.text:SM_dhKeyCB)
                  00013650    000000dc     nvoctp.obj (.text:NVOCTP_readHeader)
                  0001372c    000000dc     gap_pxxx_coc.a : gap_linkmgr.o (.text)
                  00013808    000000dc                    : gap_task.o (.text)
                  000138e4    000000dc     hci_pxxx.a : hci_event.o (.text)
                  000139c0    000000dc     l2cap_pxxx_coc.a : l2cap_task.o (.text)
                  00013a9c    000000dc     ll_pxxx.a : ll_wl.o (.text)
                  00013b78    000000dc     ble5_project_zero_cc13x2r1lp_stack_library.lib : osal.obj (.text:osal_set_event)
                  00013c54    000000dc     sm_pxxx_coc.a : sm_pairing.o (.text)
                  00013d30    000000dc     ble_debug_pem4f.oem4f (.text:ti_uia_loggers_LoggerStopMode_write0__E)
                  00013e0c    000000d8     drivers_cc13x2_v1.aem4f : GPIOCC26XX.oem4f (.text:GPIO_init)
                  00013ee4    000000d8     rf_multiMode_cc13x2_v1.aem4f : RFCC26X2_multiMode.oem4f (.text:RF_dispatchNextCmd)
                  00013fbc    000000d8     hci_pxxx.a : hci_event.o (.text)
                  00014094    000000d8     ll_pxxx.a : ll.o (.text)
                  0001416c    000000d8               : ll_ae.o (.text)
                  00014244    000000d8     sysbios.aem4f : BIOS.obj (.text:ti_sysbios_knl_Clock_walkQueueDynamic__E)
                  0001431c    000000d6     sm_pxxx_coc.a : sm_mgr.o (.text)
                  000143f2    00000002     ble5_project_zero_cc13x2r1lp_stack_library.lib : sm_ecc.obj (.text:SM_p256KeyCB)
                  000143f4    000000d4     project_zero.obj (.text:ProjectZero_processConnEvt)
                  000144c8    000000d4     rf_multiMode_cc13x2_v1.aem4f : RFCC26X2_multiMode.oem4f (.text:RF_swiHw)
                  0001459c    000000d4     smp_pxxx_coc.a : smp.o (.text)
                  00014670    000000d0     driverlib.lib : pka.obj (.text:PKAGetECCResult)
                  00014740    000000d0     ll_pxxx.a : ble.o (.text)
                  00014810    000000d0     oad.obj (.text:oadResetState)
                  000148e0    000000d0     sm_pxxx_coc.a : sm_mgr.o (.text)
                  000149b0    000000d0                   : sm_rsppairing.o (.text)
                  00014a80    000000d0     sysbios.aem4f : BIOS.obj (.text:xdc_runtime_Core_constructObject__I)
                  00014b50    000000cc     button_service.obj (.text:ButtonService_AddService)
                  00014c1c    000000cc     devinfoservice.obj (.text:devInfo_ReadAttrCB)
                  00014ce8    000000cc     ll_pxxx.a : ll_ae.o (.text)
                  00014db4    000000cc               : ll_ae.o (.text)
                  00014e80    000000cc     sysbios.aem4f : BIOS.obj (.text:ti_sysbios_knl_Swi_Instance_init__E)
                  00014f4c    000000cc                   : BIOS.obj (.text:ti_sysbios_knl_Task_schedule__I)
                  00015018    000000ca     sm_pxxx_coc.a : sm_mgr.o (.text)
                  000150e2    00000002     rtsv7M4_T_le_v4SPD16_eabi.lib : _lock.c.obj (.text:_nop)
                  000150e4    000000c8     drivers_cc13x2_v1.aem4f : PowerCC26X2.oem4f (.text:Power_releaseDependency)
                  000151ac    000000c8     rf_multiMode_cc13x2_v1.aem4f : RFCC26X2_multiMode.oem4f (.text:RF_control)
                  00015274    000000c8     gap_pxxx_coc.a : gap_advertiser.o (.text)
                  0001533c    000000c8     ll_pxxx.a : ll_scheduler.o (.text)
                  00015404    000000c8     sm_pxxx_coc.a : sm_mgr.o (.text)
                  000154cc    000000c8                   : sm_pairing.o (.text)
                  00015594    000000c8                   : sm_rsppairing.o (.text)
                  0001565c    000000c4     drivers_cc13x2_v1.aem4f : PowerCC26X2.oem4f (.text:Power_setDependency)
                  00015720    000000c4     profiles_pxxx_coc.a : gapgattserver.o (.text)
                  000157e4    000000c4     sm_pxxx_coc.a : sm_pairing.o (.text)
                  000158a8    000000c4     sysbios.aem4f : BIOS.obj (.text:ti_sysbios_knl_Task_startCore__E)
                  0001596c    000000c0     drivers_cc13x2_v1.aem4f : UARTCC26XX.oem4f (.text:UARTCC26XX_initIO)
                  00015a2c    000000c0     hci_pxxx.a : hci_event.o (.text)
                  00015aec    000000c0     ll_pxxx.a : ll.o (.text)
                  00015bac    000000c0               : ll_data.o (.text)
                  00015c6c    000000c0     oad.obj (.text:oadWriteAttrCB)
                  00015d2c    000000c0     sm_pxxx_coc.a : sm_rsppairing.o (.text)
                  00015dec    000000bf     project_zero.obj (.text:ProjectZero_processAdvEvent)
                  00015eab    00000001     --HOLE-- [fill = 0]
                  00015eac    000000be     gap_pxxx_coc.a : gap_linkmgr.o (.text)
                  00015f6a    00000002     drivers_cc13x2_v1.aem4f : PowerCC26X2.oem4f (.text:emptyClockFunc)
                  00015f6c    000000bc     button_service.obj (.text:ButtonService_RegisterAppCBs)
                  00016028    000000bc     ble5_project_zero_cc13x2r1lp_stack_library.lib : gapbondmgr.obj (.text:GAPBondMgr_FindAddr)
                  000160e4    000000bc     project_zero.obj (.text:ProjectZero_DataService_ValueChangeCB)
                  000161a0    000000bc     project_zero.obj (.text:ProjectZero_processApplicationMessage)
                  0001625c    000000bc     rf_multiMode_cc13x2_v1.aem4f : RFCC26X2_multiMode.oem4f (.text:RF_hwiCpe0Active)
                  00016318    000000bc     hci_pxxx.a : hci_event.o (.text)
                  000163d4    000000bc                : hci_event.o (.text)
                  00016490    000000bc     l2cap_pxxx_coc.a : l2cap_util.o (.text)
                  0001654c    000000bc     ll_pxxx.a : ll_common.o (.text)
                  00016608    000000bb     project_zero.obj (.text:ProjectZero_LedService_ValueChangeCB)
                  000166c3    00000001     --HOLE-- [fill = 0]
                  000166c4    000000b8     data_service.obj (.text:DataService_RegisterAppCBs)
                  0001677c    000000b8     nvoctp.obj (.text:NVOCTP_checkItem)
                  00016834    000000b8     drivers_cc13x2_v1.aem4f : UARTCC26XX.oem4f (.text:UARTCC26XX_initHw)
                  000168ec    000000b8     hci_pxxx.a : hci_event.o (.text)
                  000169a4    000000b8     oad.obj (.text:oadCreateFactoryImageBackup)
                  00016a5c    000000b4     drivers_cc13x2_v1.aem4f : AESECBCC26XX.oem4f (.text:AESECB_oneStepDecrypt)
                  00016b10    000000b4     gattservapp_util.obj (.text:GATTServApp_ProcessCharCfg)
                  00016bc4    000000b4     led_service.obj (.text:LedService_RegisterAppCBs)
                  00016c78    000000b4     dpl_cc13x2_v1.aem4f : PowerCC26X2_tirtos.oem4f (.text:PowerCC26XX_standbyPolicy)
                  00016d2c    000000b4     l2cap_pxxx_coc.a : l2cap_task.o (.text)
                  00016de0    000000b4     ll_pxxx.a : ll_scheduler.o (.text)
                  00016e94    000000b4     profiles_pxxx_coc.a : gattservapp.o (.text)
                  00016f48    000000b4     sysbios.aem4f : BIOS.obj (.text:ti_sysbios_family_arm_m3_Hwi_excDebugMon__I)
                  00016ffc    000000b4                   : BIOS.obj (.text:ti_sysbios_family_arm_m3_Hwi_excHardFault__I)
                  000170b0    000000b4                   : BIOS.obj (.text:ti_sysbios_knl_Task_checkStacks__E)
                  00017164    000000b2     gatt_pxxx_coc.a : gatt_server.o (.text)
                  00017216    00000002     drivers_cc13x2_v1.aem4f : CryptoResourceCC26XX.oem4f (.text:errorSpin)
                  00017218    000000b0                             : AESECBCC26XX.oem4f (.text:AESECB_oneStepEncrypt)
                  000172c8    000000b0     project_zero.obj (.text:ProjectZero_ButtonService_CfgChangeCB)
                  00017378    000000b0     rf_multiMode_cc13x2_v1.aem4f : RFCC26X2_multiMode.oem4f (.text:RF_corePowerDown)
                  00017428    000000b0     gap_pxxx_coc.a : gap_advertiser.o (.text)
                  000174d8    000000b0                    : gap_linkmgr.o (.text)
                  00017588    000000b0     gatt_pxxx_coc.a : gatt_server.o (.text)
                  00017638    000000b0     oad.obj (.text:oadCheckImageID)
                  000176e8    000000b0     profiles_pxxx_coc.a : gattservapp.o (.text)
                  00017798    000000b0     sysbios.aem4f : BIOS.obj (.text:ti_sysbios_gates_GateMutex_enter__E)
                  00017848    000000b0                   : BIOS.obj (.text:ti_sysbios_knl_Swi_setPri__E)
                  000178f8    000000ae     project_zero.obj (.text:ProjectZero_DataService_CfgChangeCB)
                  000179a6    00000002     drivers_cc13x2_v1.aem4f : PKAResourceCC26XX.oem4f (.text:errorSpin)
                  000179a8    000000ae     project_zero.obj (.text:ProjectZero_handleButtonPress)
                  00017a56    00000002     ble5_project_zero_cc13x2r1lp_stack_library.lib : hal_assert.obj (.text:halAssertSpinlock)
                  00017a58    000000ac     data_service.obj (.text:DataService_AddService)
                  00017b04    000000ac     nvoctp.obj (.text:NVOCTP_findItem)
                  00017bb0    000000ac     att_pxxx_coc.a : att_util.o (.text)
                  00017c5c    000000ac     l2cap_pxxx_coc.a : l2cap_util.o (.text)
                  00017d08    000000aa     ll_pxxx.a : ll_common.o (.text)
                  00017db2    000000aa     sm_pxxx_coc.a : sm_mgr.o (.text)
                  00017e5c    000000a8     gatt_pxxx_coc.a : gatt_client.o (.text)
                  00017f04    000000a8     hci_pxxx.a : hci_data.o (.text)
                  00017fac    000000a8                : hci_event.o (.text)
                  00018054    000000a8     ll_pxxx.a : ll.o (.text)
                  000180fc    000000a8     profiles_pxxx_coc.a : gattservapp.o (.text)
                  000181a4    000000a8     smp_pxxx_coc.a : smp.o (.text)
                  0001824c    000000a8     sysbios.aem4f : BIOS.obj (.text:ti_sysbios_knl_Swi_post__E)
                  000182f4    000000a6                   : BIOS.obj (.text:xdc_runtime_Text_putSite__E)
                  0001839a    00000002     ll_pxxx.a : ll_common.o (.text)
                  0001839c    000000a4     driverlib.lib : aes.obj (.text:NOROM_AESWriteToKeyStore)
                  00018440    000000a4     project_zero.obj (.text:ProjectZero_processPasscode)
                  000184e4    000000a4     project_zero.obj (.text:buttonCallbackFxn)
                  00018588    000000a4     ble5_project_zero_cc13x2r1lp_stack_library.lib : osal_cbtimer.obj (.text:cbTimerSetup)
                  0001862c    000000a4     gatt_pxxx_coc.a : gatt_task.o (.text)
                  000186d0    000000a4     ll_pxxx.a : ll_common.o (.text)
                  00018774    000000a4               : ll_common.o (.text)
                  00018818    000000a4               : ll_common.o (.text)
                  000188bc    000000a4               : ll_ecc.o (.text)
                  00018960    000000a2     drivers_cc13x2_v1.aem4f : SPICC26XXDMA.oem4f (.text:SPICC26XXDMA_hwiFxn)
                  00018a02    00000002     icall_api_lite.obj (.text:rfErrCb)
                  00018a04    000000a0     auto_init.aem4f : auto_init.oem4f (.text)
                  00018aa4    000000a0     ble5_project_zero_cc13x2r1lp_stack_library.lib : gapbondmgr.obj (.text:gapBondMgrUpdateCharCfg)
                  00018b44    000000a0     hci_pxxx.a : hci_event.o (.text)
                  00018be4    000000a0     sysbios.aem4f : BIOS.obj (.text:ti_sysbios_knl_Clock_Instance_finalize__E)
                  00018c84    0000009c     driverlib.lib : pka.obj (.text:PKAWritePkaParam)
                  00018d20    0000009c     drivers_cc13x2_v1.aem4f : UARTCC26XX.oem4f (.text:UARTCC26XX_swiIntFxn)
                  00018dbc    0000009c     UartLog.obj (.text:UartLog_log)
                  00018e58    0000009c     drivers_cc13x2_v1.aem4f : NVSSPI25X.oem4f (.text:doErase)
                  00018ef4    0000009c     rtsv7M4_T_le_v4SPD16_eabi.lib : memcpy_t2.asm.obj (.text)
                  00018f90    0000009c     sm_pxxx_coc.a : sm_mgr.o (.text)
                  0001902c    0000009c     sysbios.aem4f : BIOS.obj (.text:ti_sysbios_knl_Semaphore_Instance_init__E)
                  000190c8    0000009c                   : BIOS.obj (.text:ti_sysbios_knl_Task_blockI__E)
                  00019164    00000098     icall.obj (.text:ICall_setTimer)
                  000191fc    00000098     driverlib.lib : setup.obj (.text:NOROM_SetupTrimDevice)
                  00019294    00000098     project_zero.obj (.text:ProjectZero_processCmdCompleteEvt)
                  0001932c    00000098     ble5_project_zero_cc13x2r1lp_stack_library.lib : gapbondmgr.obj (.text:gapBondMgr_syncResolvingList)
                  000193c4    00000098     ll_pxxx.a : ll_ae.o (.text)
                  0001945c    00000098     oad.obj (.text:oadFindExtFlMetaPage)
                  000194f4    00000098     ble5_project_zero_cc13x2r1lp_stack_library.lib : osal_cbtimer.obj (.text:osal_CbTimerProcessEvent)
                  0001958c    00000098     sm_pxxx_coc.a : sm_task.o (.text)
                  00019624    00000098     sysbios.aem4f : BIOS.obj (.text:ti_sysbios_knl_Clock_workFuncDynamic__E)
                  000196bc    00000098                   : BIOS.obj (.text:xdc_runtime_Text_putMod__E)
                  00019754    00000096     rtsv7M4_T_le_v4SPD16_eabi.lib : ull_div_t2.asm.obj (.text)
                  000197ea    00000002                                   : div0.asm.obj (.text)
                  000197ec    00000094     drivers_cc13x2_v1.aem4f : PINCC26XX.oem4f (.text:PIN_open)
                  00019880    00000094     project_zero.obj (.text:ProjectZero_updatePHYStat)
                  00019914    00000094     TRNGCC26XX.obj (.text:TRNGCC26XX_getNumber)
                  000199a8    00000094     project_zero.obj (.text:buttonDebounceSwiFxn)
                  00019a3c    00000094     gatt_pxxx_coc.a : gatt_client.o (.text)
                  00019ad0    00000094     l2cap_pxxx_coc.a : l2cap_util.o (.text)
                  00019b64    00000094     ll_pxxx.a : ll.o (.text)
                  00019bf8    00000094               : ll_privacy.o (.text)
                  00019c8c    00000094     sysbios.aem4f : BIOS.obj (.text:ti_sysbios_knl_Task_exit__E)
                  00019d20    00000092     gap_pxxx_coc.a : linkdb.o (.text)
                  00019db2    00000092     ll_pxxx.a : ll_common.o (.text)
                  00019e44    00000090     project_zero.obj (.text:ProjectZero_sendParamUpdate)
                  00019ed4    00000090     rf_multiMode_cc13x2_v1.aem4f : RFCC26X2_multiMode.oem4f (.text:RF_discardPendCmd)
                  00019f64    00000090     gattservapp_util.obj (.text:gattServApp_SendNotiInd)
                  00019ff4    00000090     hci_pxxx.a : hci_event.o (.text)
                  0001a084    00000090     ll_pxxx.a : ll_ecc.o (.text)
                  0001a114    00000090     sm_pxxx_coc.a : sm_pairing.o (.text)
                  0001a1a4    00000090                   : sm_pairing.o (.text)
                  0001a234    00000090                   : sm_pairing.o (.text)
                  0001a2c4    00000090     sysbios.aem4f : BIOS.obj (.text:ti_sysbios_knl_Task_unblockI__E)
                  0001a354    00000090     ti.uia.loggers.aem4f : LoggerStopMode.oem4f (.text:ti_uia_loggers_LoggerStopMode_initQueueDescriptor__E)
                  0001a3e4    00000090     project_zero.obj (.text:util_arrtohex)
                  0001a474    00000090     drivers_cc13x2_v1.aem4f : UARTCC26XX.oem4f (.text:writeTxFifoFlush)
                  0001a504    0000008e                             : SPICC26XXDMA.oem4f (.text:SPICC26XXDMA_swiFxn)
                  0001a592    0000008e     oad.obj (.text:oadFindExtFlImgAddr)
                  0001a620    0000008c     drivers_cc13x2_v1.aem4f : ECDHCC26X2.oem4f (.text:ECDH_open)
                  0001a6ac    0000008c     icall_cc2650.obj (.text:ICallPlatform_pwrUpdActivityCounter)
                  0001a738    0000008c     led_service.obj (.text:LedService_AddService)
                  0001a7c4    0000008c     drivers_cc13x2_v1.aem4f : SPICC26XXDMA.oem4f (.text:SPICC26XXDMA_control)
                  0001a850    0000008c                             : UARTCC26XX.oem4f (.text:UARTCC26XX_close)
                  0001a8dc    0000008c                             : UARTCC26XX.oem4f (.text:UARTCC26XX_writeCancel)
                  0001a968    0000008c     gatt_pxxx_coc.a : gatt_client.o (.text)
                  0001a9f4    0000008c                     : gatt_server.o (.text)
                  0001aa80    0000008c     hci_pxxx.a : hci_event.o (.text)
                  0001ab0c    0000008c     l2cap_pxxx_coc.a : l2cap_util.o (.text)
                  0001ab98    0000008c                      : l2cap_util.o (.text)
                  0001ac24    0000008c                      : l2cap_util.o (.text)
                  0001acb0    0000008c     ll_pxxx.a : ll_enc.o (.text)
                  0001ad3c    0000008c               : ll_privacy.o (.text)
                  0001adc8    0000008c               : ll_scheduler.o (.text)
                  0001ae54    0000008c     sm_pxxx_coc.a : sm_pairing.o (.text)
                  0001aee0    0000008c     sysbios.aem4f : BIOS.obj (.text:ti_sysbios_family_arm_m3_Hwi_Instance_init__E)
                  0001af6c    0000008c                   : BIOS.obj (.text:ti_sysbios_family_arm_m3_Hwi_initNVIC__E)
                  0001aff8    0000008c                   : m3_TaskSupport_asm.obj (.text:ti_sysbios_family_arm_m3_TaskSupport_buildTaskStack)
                  0001b084    0000008c                   : BIOS.obj (.text:ti_sysbios_heaps_HeapTrack_Instance_finalize__E)
                  0001b110    0000008c                   : BIOS.obj (.text:ti_sysbios_heaps_HeapTrack_alloc__E)
                  0001b19c    0000008a     rf_multiMode_cc13x2_v1.aem4f : RFCC26X2_multiMode.oem4f (.text:RF_schChkCmdInsert)
                  0001b226    00000002     sysbios.aem4f : BIOS.obj (.text:ti_sysbios_BIOS_linkedWithIncorrectBootLibrary__E)
                  0001b228    00000088     nvoctp.obj (.text:NVOCTP_writeItemApi)
                  0001b2b0    00000088     rf_multiMode_cc13x2_v1.aem4f : RFCC26X2_multiMode.oem4f (.text:RF_ratFreeChannel)
                  0001b338    00000088     drivers_cc13x2_v1.aem4f : PowerCC26X2_calibrateRCOSC.oem4f (.text:calibrateRcoscHf2)
                  0001b3c0    00000088     gap_pxxx_coc.a : gap_linkmgr.o (.text)
                  0001b448    00000088     hci_pxxx.a : hci_event.o (.text)
                  0001b4d0    00000088     ll_pxxx.a : ll.o (.text)
                  0001b558    00000088     profiles_pxxx_coc.a : gattservapp.o (.text)
                  0001b5e0    00000086     ll_pxxx.a : ll_common.o (.text)
                  0001b666    00000002     ble_debug_pem4f.oem4f (.text:ti_sysbios_BIOS_nullFunc__I)
                  0001b668    00000084     driverlib.lib : pka.obj (.text:NOROM_PKAEccMultiplyStart)
[...]
20002816  ti_sysbios_family_arm_m3_Hwi_Module_State_0_excActive__A               
20002818  xdc_runtime_Error_Module__state__V                                     
20002820  updateHandle                                                           
20002821  gapUnwantedTaskID                                                      
20002822  indTaskId                                                              
20002823  reqTaskId                                                              
20002824  gattAppTaskID                                                          
20002825  flowCtrlTaskId                                                         
20002826  flowCtrlFwdTaskId                                                      
20002827  maxSupportedAdvSets                                                    
20002828  aeSlaveSCA                                                             
20002829  rfRatHandle                                                            
2000282c  deviceNameCharProps                                                    
2000282d  appearanceCharProps                                                    
2000282e  periConnParamCharProps                                                 
2000282f  resolvablePrivateAddressOnlyCharProps                                  
20002830  serviceChangedCharProps                                                
20002831  appTaskID                                                              
20002880  ti_sysbios_heaps_HeapMem_Instance_State_0_buf__A                       
20009db0  appTaskStack                                                           
2000a5b0  pzTask                                                                 
2000a600  ti_uia_loggers_LoggerStopMode_Instance_State_1_packetArray__A          
2000ae00  uartLog_evBuf                                                          
2000b300  ti_sysbios_knl_Task_Instance_State_0_stack__A                          
2000b600  xdc_runtime_SysMin_Module_State_0_outbuf__A                            
2000b900  uartCC26XXObjects                                                      
2000bb80  ti_uia_loggers_LoggerStopMode_Instance_State_0_packetArray__A          
2000bd80  spiCC26XXDMAObjects                                                    
2000c108  __CIOBUF_                                                              
2000c228  crcBuf                                                                 
2000c328  ti_sysbios_family_arm_m3_Hwi_dispatchTable                             
2000c400  rfObject                                                               
2000c4c8  uartLog_outBuf                                                         
2000c574  pinHandleTable                                                         
2000c6b8  ecdhCC26X2Objects                                                      
2000c70c  aesccmCC26XXObjects                                                    
2000c758  aesecbCC26XXObjects                                                    
2000c7ec  aeCBackTbl                                                             
2000c830  localEccKeys                                                           
2000c8b4  uartCC26XXRingBuffer                                                   
2000c92c  advDataEntry                                                           
2000ca00  linkCBs                                                                
2000ca30  l2capFixedChannels                                                     
2000ca80  ti_uia_loggers_LoggerStopMode_Instance_State_0_hdr__A                  
2000cab0  nvFptrs                                                                
2000cafc  attClientNotifyTxCB                                                    
2000cb00  ti_uia_loggers_LoggerStopMode_Instance_State_1_hdr__A                  
2000cb9c  rfSetup                                                                
2000cbc0  operationCCM                                                           
2000cc28  localPrivKeyMaterial                                                   
2000cc48  enckey                                                                 
2000cca8  udmaObjects                                                            
2000cd00  gapParams                                                              
2000cd1c  trxTestCmd                                                             
2000cd70  CryptoResourceCC26XX_accessSemaphore                                   
2000cd8c  CryptoResourceCC26XX_hwi                                               
2000cda8  CryptoResourceCC26XX_operationSemaphore                                
2000cdc4  PKAResourceCC26XX_accessSemaphore                                      
2000cde0  PKAResourceCC26XX_hwi                                                  
2000cdfc  PKAResourceCC26XX_operationSemaphore                                   
2000ce33  att_sendRspOnly                                                        
2000ce34  deviceName                                                             
2000ce4c  rsp                                                                    
2000cee0  connOutput                                                             
2000cef4  deviceFeatureSet                                                       
2000cf54  gapConfig_SRK                                                          
2000cf64  advDataQueue                                                           
2000cf74  eccParams                                                              
2000cf84  localPrivateKey                                                        
2000cf94  localPublicKey                                                         
2000cfa4  remotePublicKey                                                        
2000cfb4  sharedSecret                                                           
2000cfc4  operationComputeSharedSecret                                           
2000cfd4  cryptoKey                                                              
2000cfe4  operationECB                                                           
2000cff4  encParamsCCM                                                           
2000d004  encParamsECB                                                           
2000d034  timerHead                                                              
2000d038  osal_last_timestamp                                                    
2000d0a0  operationGeneratePublicKey                                             
2000d0ac  cachedTRNGdata                                                         
2000d0b8  llTaskList                                                             
2000d0dc  nvsSPI25XObjects                                                       
2000d0f8  gapCurrentRandomAddr                                                   
2000d100  slaveUpdateReq                                                         
2000d108  pHciEvtMask                                                            
2000d110  pBleEvtMask                                                            
2000d118  pHciEvtMask2                                                           
2000d120  ownRandomAddr                                                          
2000d128  llConns                                                                
2000d130  ownPublicAddr                                                          
2000d138  verInfo                                                                
2000d140  ownSavedPublicAddr                                                     
2000d148  rfEvent                                                                
2000d150  llConnEvtNotice                                                        
2000d158  privInfo                                                               
2000d168  gattReTxList                                                           
2000d180  parmbuf                                                                
2000d188  attServerNotifyTxCB                                                    
2000d19c  pGapAdvHostInfo                                                        
2000d1a0  connEvtCB                                                              
2000d1a4  pfnPeripheralConnCBs                                                   
2000d1a8  pAuthLink                                                              
2000d1ac  pfnCentralConnCBs                                                      
2000d1b0  pGapPeripheralConnCBs                                                  
2000d1b4  pfnBondMgrCBs                                                          
2000d1b8  linkDB                                                                 
2000d1bc  clientInfoTbl                                                          
2000d1c0  pServiceList                                                           
2000d1c4  serverInfoTbl                                                          
2000d1c8  pfnClientProcessMsgCB                                                  
2000d1cc  pfnServerProcessMsgCB                                                  
2000d1d4  l2capPsm                                                               
2000d1d8  l2capChannels                                                          
2000d1dc  linkParam                                                              
2000d1e0  linkCmd                                                                
2000d1e4  rxDataQ                                                                
2000d1e8  txDataQ                                                                
2000d1ec  rxRingBuf                                                              
2000d1f0  taskEndAction                                                          
2000d1f4  trngDrvTblPtr                                                          
2000d1f8  rfDrvTblPtr                                                            
2000d1fc  rfHandle                                                               
2000d200  SysBootMsg                                                             
2000d204  sclkSrc                                                                
2000d208  eccDrvTblPtr                                                           
2000d20c  cryptoDrvTblPtr                                                        
2000d210  rtosApiTblPtr                                                          
2000d214  pRfPathComp                                                            
2000d218  activeConns                                                            
2000d21c  dtmInfo                                                                
2000d220  advSetList                                                             
2000d224  ecdhHandle                                                             
2000d228  operationResult                                                        
2000d22c  encHandleECB                                                           
2000d230  encHandleCCM                                                           
2000d234  resolvingList                                                          
2000d238  wlTable                                                                
2000d23c  wlTableScan                                                            
2000d244  ggs_AppCBs                                                             
2000d248  indCharCfg                                                             
2000d24c  serviceCBsList                                                         
2000d250  prepareWritesTbl                                                       
2000d254  pAttrValue                                                             
2000d258  pfnResponderCBs                                                        
2000d25c  pPairingParams                                                         
2000d260  pfnInitiatorCBs                                                        
2000d264  pSmResponderCBs                                                        
2000d26c  ClockP_tickPeriod                                                      
2000d270  PowerCC26XX_swiKey                                                     
2000d274  PowerCC26XX_taskKey                                                    
2000d278  nvsCC26xxObjects                                                       
2000d27c  tasksEvents                                                            
2000d280  trngCC26XXObjects                                                      
2000d284  numHostBufs                                                            
2000d286  supportedMaxTxOctets                                                   
2000d288  supportedMaxTxTime                                                     
2000d28a  connInitialMaxTxOctets                                                 
2000d28c  connInitialMaxTxTime                                                   
2000d28e  rfCmdHandle                                                            
2000d290  buildInfo                                                              
2000d292  rfCfgAdiVal                                                            
2000d294  postRfOperations                                                       
2000d296  connInitialMaxTxTimeUncoded                                            
2000d298  connInitialMaxTxTimeCoded                                              
2000d29a  supportedMaxRxOctets                                                   
2000d29c  supportedMaxRxTime                                                     
2000d29e  taskEndStatus                                                          
2000d2a2  appearance                                                             
2000d2a4  attrLen                                                                
2000d2a6  advInit                                                                
2000d2a7  updateState                                                            
2000d2a8  advCount                                                               
2000d2a9  gapDeviceAddrMode                                                      
2000d2aa  gapProfileRole                                                         
2000d2ab  gapState                                                               
2000d2ac  terminateReason                                                        
2000d2ad  gapTaskID                                                              
2000d2ae  linkDBNumConns                                                         
2000d2af  linkDB_secureConnectionOnlyMode                                        
2000d2b0  gattNumConns                                                           
2000d2b1  gattTaskID                                                             
2000d2b2  hciPTMenabled                                                          
2000d2b3  ctrlToHostEnable                                                       
2000d2b4  hciSmpTaskID                                                           
2000d2b5  hciGapTaskID                                                           
2000d2b6  hciTaskID                                                              
2000d2b7  hciTestTaskID                                                          
2000d2b8  hciL2capTaskID                                                         
2000d2b9  l2capFlowCtrlMode                                                      
2000d2ba  l2cap_gattServAppTaskID                                                
2000d2bb  l2capTaskID                                                            
2000d2bc  l2capNumCoChannels                                                     
2000d2bd  l2capNumPSM                                                            
2000d2be  l2capNumChannels                                                       
2000d2bf  l2capNumDataPkts                                                       
2000d2c1  l2capId                                                                
2000d2c2  llState                                                                
2000d2c3  maxNumConns                                                            
2000d2c4  LL_TaskID                                                              
2000d2c5  curTxPowerVal                                                          
2000d2c6  maxPduSize                                                             
2000d2c7  maxNumTxDataBufs                                                       
2000d2c8  onePktPerEvt                                                           
2000d2ca  rfFeModeBias                                                           
2000d2cb  maxTxPwrForDTM                                                         
2000d2cc  numTxDataBufs                                                          
2000d2cd  defaultPhy                                                             
2000d2ce  numComplPkts                                                           
2000d2cf  numComplPktsLimit                                                      
2000d2d0  numComplPktsFlush                                                      
2000d2d1  fastTxRespTime                                                         
2000d2d2  slOverride                                                             
2000d2d3  rxFifoFlowCtrl                                                         
2000d2d4  scanReqRpt                                                             
2000d2d5  rssiCorrection                                                         
2000d2d6  aeCurAdvEnableHandle                                                   
2000d2d7  aeCurHandle                                                            
2000d2d8  aeCurConnHandle                                                        
2000d2d9  wlSize                                                                 
2000d2da  rlSize                                                                 
2000d2db  resolvablePrivateAddressOnly                                           
2000d2dc  GATTServApp_TaskID                                                     
2000d2dd  maxNumPrepareWrites                                                    
2000d2de  smTaskID                                                               
2000d2df  SM_appExpectingKey                                                     
2000d2e0  driverlib_release_0_51995                                              
2000d2e1  icall_liteTaskId                                                       
2000d2e2  osal_entity                                                            
2000d2e3  heapStart                                                              
200130f8  __stack                                                                
200130f8  heapEnd                                                                
200134f8  __STACK_END                                                            
200134f8  __STACK_TOP                                                            
e000e000  ti_sysbios_family_arm_m3_Hwi_nvic                                      
ffffffff  __TI_pprof_out_hndl                                                    
ffffffff  __TI_prof_data_size                                                    
ffffffff  __TI_prof_data_start                                                   
ffffffff  __binit__                                                              
ffffffff  __c_args__                                                             
ffffffff  binit                                                                  
UNDEFED   SHT$$INIT_ARRAY$$Base                                                  
UNDEFED   SHT$$INIT_ARRAY$$Limit                                                 

[2375 symbols]
