******************************************************************************
                  TI ARM Linker Unix v18.1.3                   
******************************************************************************
>> Linked Mon Aug 27 13:23:26 2018

OUTPUT FILE NAME:   <cc13x2r1lp_bim_offchip.out>
ENTRY POINT SYMBOL: "ResetISR"  address: 00056fe1


MEMORY CONFIGURATION

         name            origin    length      used     unused   attr    fill
----------------------  --------  ---------  --------  --------  ----  --------
  FLASH_BIM             00056000   00001fa8  000010c2  00000ee6  R  X
  FLASH_CCFG            00057fa8   00000058  00000058  00000000  R  X
  SRAM                  20000000   00014000  0000020c  00013df4  RW X


SEGMENT ALLOCATION MAP

run origin  load origin   length   init length attrs members
----------  ----------- ---------- ----------- ----- -------
00056000    00056000    000010c8   000010c8    r-x
  00056000    00056000    000000d8   000000d8    r-- .intvecs
  000560d8    000560d8    00000f72   00000f72    r-x .text
  0005704c    0005704c    00000048   00000048    r-- .const
  00057098    00057098    00000030   00000030    r-- .cinit
00057fa8    00057fa8    00000058   00000058    r--
  00057fa8    00057fa8    00000058   00000058    r-- .ccfg
20000000    20000000    0000010c   00000000    rw-
  20000000    20000000    00000104   00000000    rw- .bss
  20000104    20000104    00000008   00000000    rw- .data
20013f00    20013f00    00000100   00000000    rw-
  20013f00    20013f00    00000100   00000000    rw- .stack


SECTION ALLOCATION MAP

 output                                  attributes/
section   page    origin      length       input sections
--------  ----  ----------  ----------   ----------------
.intvecs   0    00056000    000000d8     
                  00056000    000000d8     startup_ccs.obj (.intvecs)

.text      0    000560d8    00000f72     
                  000560d8    00000220     driverlib.lib : setup.obj (.text:TrimAfterColdResetWakeupFromShutDown$7)
                  000562f8    0000010a     bim_main.obj (.text:checkImagesExtFlash$0)
                  00056402    00000002     startup_ccs.obj (.text:FaultISR)
                  00056404    00000108     crc32.obj (.text:CRC32_calc)
                  0005650c    00000104     ext_flash.obj (.text:extFlashOpen)
                  00056610    000000e4     bim_main.obj (.text:Bim_copyImage$0)
                  000566f4    0000009c     driverlib.lib : setup.obj (.text:NOROM_SetupTrimDevice)
                  00056790    0000009c     rtsv7M4_T_le_v4SPD16_eabi.lib : memcpy_t2.asm.obj (.text)
                  0005682c    00000088     driverlib.lib : setup_rom.obj (.text:NOROM_SetupStepVddrTrimTo)
                  000568b4    0000007c     ext_flash.obj (.text:extFlashClose)
                  00056930    0000006e     ext_flash.obj (.text:extFlashWrite)
                  0005699e    0000006c     bim_main.obj (.text:checkImagesIntFlash$0)
                  00056a0a    0000006a     bim_main.obj (.text:Bim_revertFactoryImage$0)
                  00056a74    00000068     rtsv7M4_T_le_v4SPD16_eabi.lib : copy_decompress_lzss.c.obj (.text:decompress:lzss:__TI_decompress_lzss)
                  00056adc    00000068     ext_flash.obj (.text:extFlashVerifyPart$4)
                  00056b44    00000060     ext_flash.obj (.text:extFlashWaitReady$4)
                  00056ba4    00000050     ext_flash.obj (.text:extFlashRead)
                  00056bf4    00000050     led_debug.obj (.text:powerUpGpio)
                  00056c44    00000044     rtsv7M4_T_le_v4SPD16_eabi.lib : autoinit.c.obj (.text:__TI_auto_init_nobinit_nopinit:__TI_auto_init_nobinit_nopinit)
                  00056c88    00000044     led_debug.obj (.text:powerDownGpio)
                  00056ccc    00000040     bsp_spi.obj (.text:bspSpiRead)
                  00056d0c    00000040     bim_main.obj (.text:isLastMetaData$0)
                  00056d4c    0000003c     bim_main.obj (.text:main)
                  00056d88    00000038     rtsv7M4_T_le_v4SPD16_eabi.lib : boot_cortex_m.c.obj (.text:_c_int00_noargs:_c_int00_noargs)
                  00056dc0    00000038     flash_interface_internal.obj (.text:disableCache$3)
                  00056df8    00000032     bim_main.obj (.text:Bim_findImageStartAddr$0)
                  00056e2a    00000002     startup_ccs.obj (.text:IntDefaultHandler)
                  00056e2c    00000030     bsp_spi.obj (.text:bspSpiWrite)
                  00056e5c    0000002e     flash_interface_internal.obj (.text:readFlash)
                  00056e8a    00000002     startup_ccs.obj (.text:NmiSR)
                  00056e8c    0000002c     ext_flash.obj (.text:extFlashWriteEnable$4)
                  00056eb8    00000028     led_debug.obj (.text:blinkLed)
                  00056ee0    00000028     bim_util.obj (.text:imgIDCheck)
                  00056f08    00000024     bim_util.obj (.text:metadataIDCheck)
                  00056f2c    00000020     flash_interface_internal.obj (.text:writeFlashPg)
                  00056f4c    0000001c     crc32.obj (.text:CRC32_memCpy)
                  00056f68    0000001c     driverlib.lib : chipinfo.obj (.text:NOROM_ChipInfo_GetChipFamily)
                  00056f84    0000001c                   : flash.obj (.text:NOROM_FlashProgram)
                  00056fa0    0000001c     flash_interface_internal.obj (.text:enableCache$3)
                  00056fbc    00000012     rtsv7M4_T_le_v4SPD16_eabi.lib : copy_zero_init.c.obj (.text:decompress:ZI:__TI_zero_init_nomemset:__TI_zero_init_nomemset)
                  00056fce    00000012     led_debug.obj (.text:delay)
                  00056fe0    00000010     startup_ccs.obj (.text:ResetISR)
                  00056ff0    00000010     ext_flash.obj (.text:extFlashDeselect$4)
                  00057000    00000010     ext_flash.obj (.text:extFlashSelect$4)
                  00057010    0000000e     rtsv7M4_T_le_v4SPD16_eabi.lib : copy_decompress_none.c.obj (.text:decompress:none:__TI_decompress_none)
                  0005701e    0000000c     driverlib.lib : cpu.obj (.text:NOROM_CPUcpsid)
                  0005702a    0000000c                   : cpu.obj (.text:NOROM_CPUcpsie)
                  00057036    0000000c     bim_util.obj (.text:jumpToPrgEntry)
                  00057042    00000004     rtsv7M4_T_le_v4SPD16_eabi.lib : pre_init.c.obj (.text:_system_pre_init)
                  00057046    00000004                                   : exit.c.obj (.text:abort:abort)

.const     0    0005704c    00000048     
                  0005704c    00000030     ext_flash.obj (.const:$O2$$)
                  0005707c    00000010     bim_util.obj (.const:$O1$$)
                  0005708c    00000008     driverlib.lib : aux_sysif.obj (.const:$O3$$)

.cinit     0    00057098    00000030     
                  00057098    0000000c     (__TI_handler_table)
                  000570a4    00000004     --HOLE-- [fill = 0]
                  000570a8    00000008     (.cinit..bss.load) [load image, compression = zero_init]
                  000570b0    00000007     (.cinit..data.load) [load image, compression = lzss]
                  000570b7    00000001     --HOLE-- [fill = 0]
                  000570b8    00000010     (__TI_cinit_table)

.init_array 
*          0    00056000    00000000     UNINITIALIZED

.ccfg      0    00057fa8    00000058     
                  00057fa8    00000058     ccfg_app.obj (.ccfg:retain)

.bss       0    20000000    00000104     UNINITIALIZED
                  20000000    00000100     (.common:crcBuf)
                  20000100    00000004     bim_main.obj (.bss)

.data      0    20000104    00000008     UNINITIALIZED
                  20000104    00000008     ext_flash.obj (.data:$O1$$)

.stack     0    20013f00    00000100     UNINITIALIZED
                  20013f00    00000004     rtsv7M4_T_le_v4SPD16_eabi.lib : boot_cortex_m.c.obj (.stack)
                  20013f04    000000fc     --HOLE--

MODULE SUMMARY

       Module                         code   ro data   rw data
       ------                         ----   -------   -------
    ./Application/
       bim_main.obj                   882    0         4      
       crc32.obj                      292    0         0      
       startup_ccs.obj                22     216       0      
       led_debug.obj                  206    0         0      
       flash_interface_internal.obj   162    0         0      
       bim_util.obj                   88     16        0      
       ccfg_app.obj                   0      88        0      
    +--+------------------------------+------+---------+---------+
       Total:                         1652   320       4      
                                                              
    ./ExternalFlash/
       ext_flash.obj                  850    48        8      
    +--+------------------------------+------+---------+---------+
       Total:                         850    48        8      
                                                              
    ./SPI/
       bsp_spi.obj                    112    0         0      
    +--+------------------------------+------+---------+---------+
       Total:                         112    0         0      
                                                              
    /var/tmp/
       TIdbMaMD0xS                    0      0         256    
    +--+------------------------------+------+---------+---------+
       Total:                         0      0         256    
                                                              
    /Applications/ti/ccsv8/tools/compiler/ti-cgt-arm_18.1.3.LTS/lib/rtsv7M4_T_le_v4SPD16_eabi.lib
       memcpy_t2.asm.obj              156    0         0      
       copy_decompress_lzss.c.obj     104    0         0      
       autoinit.c.obj                 68     0         0      
       boot_cortex_m.c.obj            56     0         0      
       copy_zero_init.c.obj           18     0         0      
       copy_decompress_none.c.obj     14     0         0      
       exit.c.obj                     4      0         0      
       pre_init.c.obj                 4      0         0      
    +--+------------------------------+------+---------+---------+
       Total:                         424    0         0      
                                                              
    /Users/mikael/ti/simplelink_cc13x2_sdk_2_20_00_71/source/ti/devices/cc13x2_cc26x2_v1/driverlib/bin/ccs/driverlib.lib
       setup.obj                      700    0         0      
       setup_rom.obj                  136    0         0      
       chipinfo.obj                   28     0         0      
       flash.obj                      28     0         0      
       cpu.obj                        24     0         0      
       aux_sysif.obj                  0      8         0      
    +--+------------------------------+------+---------+---------+
       Total:                         916    8         0      
                                                              
       Stack:                         0      0         256    
       Linker Generated:              0      43        0      
    +--+------------------------------+------+---------+---------+
       Grand Total:                   3954   419       524    


LINKER GENERATED COPY TABLES

__TI_cinit_table @ 000570b8 records: 2, size/record: 8, table size: 16
	.bss: load addr=000570a8, load size=00000008 bytes, run addr=20000000, run size=00000104 bytes, compression=zero_init
	.data: load addr=000570b0, load size=00000007 bytes, run addr=20000104, run size=00000008 bytes, compression=lzss


LINKER GENERATED HANDLER TABLE

__TI_handler_table @ 00057098 records: 3, size/record: 4, table size: 12
	index: 0, handler: __TI_decompress_lzss
	index: 1, handler: __TI_decompress_none
	index: 2, handler: __TI_zero_init


GLOBAL SYMBOLS: SORTED ALPHABETICALLY BY Name 

address   name                          
-------   ----                          
00057047  C$$EXIT                       
00056405  CRC32_calc                    
00056f4d  CRC32_memCpy                  
0005701f  NOROM_CPUcpsid                
0005702b  NOROM_CPUcpsie                
00056f69  NOROM_ChipInfo_GetChipFamily  
00056f85  NOROM_FlashProgram            
0005682d  NOROM_SetupStepVddrTrimTo     
000566f5  NOROM_SetupTrimDevice         
00057084  OAD_EXTFL_ID                  
0005707c  OAD_IMG_ID                    
00056fe1  ResetISR                      
20014000  __STACK_END                   
00000100  __STACK_SIZE                  
20014000  __STACK_TOP                   
000570b8  __TI_CINIT_Base               
000570c8  __TI_CINIT_Limit              
00057098  __TI_Handler_Table_Base       
000570a4  __TI_Handler_Table_Limit      
00056c45  __TI_auto_init_nobinit_nopinit
00056a75  __TI_decompress_lzss          
00057011  __TI_decompress_none          
ffffffff  __TI_pprof_out_hndl           
ffffffff  __TI_prof_data_size           
ffffffff  __TI_prof_data_start          
00057098  __TI_static_base__            
00056fbd  __TI_zero_init_nomemset       
00056791  __aeabi_memcpy                
00056791  __aeabi_memcpy4               
00056791  __aeabi_memcpy8               
ffffffff  __binit__                     
ffffffff  __c_args__                    
00057fa8  __ccfg                        
UNDEFED   __mpu_init                    
20013f00  __stack                       
00056d89  _c_int00_noargs               
UNDEFED   _system_post_cinit            
00057043  _system_pre_init              
00057047  abort                         
ffffffff  binit                         
00056eb9  blinkLed                      
00056ccd  bspSpiRead                    
00056e2d  bspSpiWrite                   
20000000  crcBuf                        
00056fcf  delay                         
000568b5  extFlashClose                 
0005650d  extFlashOpen                  
00056ba5  extFlashRead                  
00056931  extFlashWrite                 
00056000  g_pfnVectors                  
00056ee1  imgIDCheck                    
00057037  jumpToPrgEntry                
00056d4d  main                          
00056791  memcpy                        
00056f09  metadataIDCheck               
00056c89  powerDownGpio                 
00056bf5  powerUpGpio                   
00056e5d  readFlash                     
00056f2d  writeFlashPg                  


GLOBAL SYMBOLS: SORTED BY Symbol Address 

address   name                          
-------   ----                          
00000100  __STACK_SIZE                  
00056000  g_pfnVectors                  
00056405  CRC32_calc                    
0005650d  extFlashOpen                  
000566f5  NOROM_SetupTrimDevice         
00056791  __aeabi_memcpy                
00056791  __aeabi_memcpy4               
00056791  __aeabi_memcpy8               
00056791  memcpy                        
0005682d  NOROM_SetupStepVddrTrimTo     
000568b5  extFlashClose                 
00056931  extFlashWrite                 
00056a75  __TI_decompress_lzss          
00056ba5  extFlashRead                  
00056bf5  powerUpGpio                   
00056c45  __TI_auto_init_nobinit_nopinit
00056c89  powerDownGpio                 
00056ccd  bspSpiRead                    
00056d4d  main                          
00056d89  _c_int00_noargs               
00056e2d  bspSpiWrite                   
00056e5d  readFlash                     
00056eb9  blinkLed                      
00056ee1  imgIDCheck                    
00056f09  metadataIDCheck               
00056f2d  writeFlashPg                  
00056f4d  CRC32_memCpy                  
00056f69  NOROM_ChipInfo_GetChipFamily  
00056f85  NOROM_FlashProgram            
00056fbd  __TI_zero_init_nomemset       
00056fcf  delay                         
00056fe1  ResetISR                      
00057011  __TI_decompress_none          
0005701f  NOROM_CPUcpsid                
0005702b  NOROM_CPUcpsie                
00057037  jumpToPrgEntry                
00057043  _system_pre_init              
00057047  C$$EXIT                       
00057047  abort                         
0005707c  OAD_IMG_ID                    
00057084  OAD_EXTFL_ID                  
00057098  __TI_Handler_Table_Base       
00057098  __TI_static_base__            
000570a4  __TI_Handler_Table_Limit      
000570b8  __TI_CINIT_Base               
000570c8  __TI_CINIT_Limit              
00057fa8  __ccfg                        
20000000  crcBuf                        
20013f00  __stack                       
20014000  __STACK_END                   
20014000  __STACK_TOP                   
ffffffff  __TI_pprof_out_hndl           
ffffffff  __TI_prof_data_size           
ffffffff  __TI_prof_data_start          
ffffffff  __binit__                     
ffffffff  __c_args__                    
ffffffff  binit                         
UNDEFED   __mpu_init                    
UNDEFED   _system_post_cinit            

[59 symbols]
